Archive member included to satisfy reference by file (symbol)

/home/sp/repos/bl_iot_sdk/customer_app/sdk_app_helloworld/build_out/bl602/libbl602.a(start.o)
                              (bl602_start)
/home/sp/repos/bl_iot_sdk/customer_app/sdk_app_helloworld/build_out/hal_drv/libhal_drv.a(hal_boot2.o)
                              /home/sp/repos/bl_iot_sdk/customer_app/sdk_app_helloworld/build_out/bl602/libbl602.a(start.o) (hal_boot2_get_flash_addr)
/home/sp/repos/bl_iot_sdk/customer_app/sdk_app_helloworld/build_out/hal_drv/libhal_drv.a(bl_boot2.o)
                              /home/sp/repos/bl_iot_sdk/customer_app/sdk_app_helloworld/build_out/hal_drv/libhal_drv.a(hal_boot2.o) (PtTable_Update_Entry)
/home/sp/repos/bl_iot_sdk/customer_app/sdk_app_helloworld/build_out/hal_drv/libhal_drv.a(bl_flash.o)
                              /home/sp/repos/bl_iot_sdk/customer_app/sdk_app_helloworld/build_out/hal_drv/libhal_drv.a(bl_boot2.o) (bl_flash_erase)
/home/sp/repos/bl_iot_sdk/customer_app/sdk_app_helloworld/build_out/sdk_app_helloworld/libsdk_app_helloworld.a(main.o)
                              /home/sp/repos/bl_iot_sdk/customer_app/sdk_app_helloworld/build_out/bl602/libbl602.a(start.o) (bfl_main)
/home/sp/repos/bl_iot_sdk/customer_app/sdk_app_helloworld/build_out/bl602/libbl602.a(debug.o)
                              /home/sp/repos/bl_iot_sdk/customer_app/sdk_app_helloworld/build_out/sdk_app_helloworld/libsdk_app_helloworld.a(main.o) (printf)
/home/sp/repos/bl_iot_sdk/customer_app/sdk_app_helloworld/build_out/bl602_std/libbl602_std.a(softcrc.o)
                              /home/sp/repos/bl_iot_sdk/customer_app/sdk_app_helloworld/build_out/hal_drv/libhal_drv.a(bl_boot2.o) (BFLB_Soft_CRC32)
/home/sp/repos/bl_iot_sdk/customer_app/sdk_app_helloworld/build_out/freertos_riscv_ram/libfreertos_riscv_ram.a(heap_5.o)
                              /home/sp/repos/bl_iot_sdk/customer_app/sdk_app_helloworld/build_out/sdk_app_helloworld/libsdk_app_helloworld.a(main.o) (xPortGetFreeHeapSize)
/home/sp/repos/bl_iot_sdk/customer_app/sdk_app_helloworld/build_out/freertos_riscv_ram/libfreertos_riscv_ram.a(tasks.o)
                              /home/sp/repos/bl_iot_sdk/customer_app/sdk_app_helloworld/build_out/freertos_riscv_ram/libfreertos_riscv_ram.a(heap_5.o) (vTaskSuspendAll)
/home/sp/repos/bl_iot_sdk/customer_app/sdk_app_helloworld/build_out/freertos_riscv_ram/libfreertos_riscv_ram.a(timers.o)
                              /home/sp/repos/bl_iot_sdk/customer_app/sdk_app_helloworld/build_out/freertos_riscv_ram/libfreertos_riscv_ram.a(tasks.o) (xTimerCreateTimerTask)
/home/sp/repos/bl_iot_sdk/customer_app/sdk_app_helloworld/build_out/freertos_riscv_ram/libfreertos_riscv_ram.a(port.o)
                              /home/sp/repos/bl_iot_sdk/customer_app/sdk_app_helloworld/build_out/freertos_riscv_ram/libfreertos_riscv_ram.a(tasks.o) (xPortStartScheduler)
/home/sp/repos/bl_iot_sdk/customer_app/sdk_app_helloworld/build_out/freertos_riscv_ram/libfreertos_riscv_ram.a(portASM.o)
                              /home/sp/repos/bl_iot_sdk/customer_app/sdk_app_helloworld/build_out/freertos_riscv_ram/libfreertos_riscv_ram.a(port.o) (xPortStartFirstTask)
/home/sp/repos/bl_iot_sdk/customer_app/sdk_app_helloworld/build_out/freertos_riscv_ram/libfreertos_riscv_ram.a(list.o)
                              /home/sp/repos/bl_iot_sdk/customer_app/sdk_app_helloworld/build_out/freertos_riscv_ram/libfreertos_riscv_ram.a(tasks.o) (vListInitialise)
/home/sp/repos/bl_iot_sdk/customer_app/sdk_app_helloworld/build_out/freertos_riscv_ram/libfreertos_riscv_ram.a(queue.o)
                              /home/sp/repos/bl_iot_sdk/customer_app/sdk_app_helloworld/build_out/freertos_riscv_ram/libfreertos_riscv_ram.a(timers.o) (xQueueGenericCreateStatic)
/home/sp/repos/bl_iot_sdk/customer_app/sdk_app_helloworld/build_out/hal_drv/libhal_drv.a(bl_uart.o)
                              /home/sp/repos/bl_iot_sdk/customer_app/sdk_app_helloworld/build_out/sdk_app_helloworld/libsdk_app_helloworld.a(main.o) (bl_uart_init)
/home/sp/repos/bl_iot_sdk/customer_app/sdk_app_helloworld/build_out/hal_drv/libhal_drv.a(bl_sys.o)
                              /home/sp/repos/bl_iot_sdk/customer_app/sdk_app_helloworld/build_out/bl602/libbl602.a(debug.o) (sys_log_all_enable)
/home/sp/repos/bl_iot_sdk/customer_app/sdk_app_helloworld/build_out/hal_drv/libhal_drv.a(bl_irq.o)
                              /home/sp/repos/bl_iot_sdk/customer_app/sdk_app_helloworld/build_out/hal_drv/libhal_drv.a(bl_uart.o) (bl_irq_enable)
/home/sp/repos/bl_iot_sdk/customer_app/sdk_app_helloworld/build_out/bl602_std/libbl602_std.a(bl602_uart.o)
                              /home/sp/repos/bl_iot_sdk/customer_app/sdk_app_helloworld/build_out/hal_drv/libhal_drv.a(bl_uart.o) (UART_Init)
/home/sp/repos/bl_iot_sdk/customer_app/sdk_app_helloworld/build_out/bl602_std/libbl602_std.a(bl602_glb.o)
[...]
Memory Configuration

Name             Origin             Length             Attributes
rom              0x0000000021015000 0x000000000000b000 axrl !w
flash            0x0000000023000000 0x0000000000400000 axrl !w
ram_tcm          0x000000004200c000 0x0000000000024000 axw
ram_wifi         0x0000000042030000 0x000000000001a000 axw
*default*        0x0000000000000000 0xffffffffffffffff

Linker script and memory map

START GROUP
LOAD /home/sp/repos/bl_iot_sdk/customer_app/sdk_app_helloworld/build_out/bl602/libbl602.a
LOAD /home/sp/repos/bl_iot_sdk/customer_app/sdk_app_helloworld/build_out/bl602_std/libbl602_std.a
LOAD /home/sp/repos/bl_iot_sdk/customer_app/sdk_app_helloworld/build_out/blfdt/libblfdt.a
LOAD /home/sp/repos/bl_iot_sdk/customer_app/sdk_app_helloworld/build_out/blmtd/libblmtd.a
LOAD /home/sp/repos/bl_iot_sdk/customer_app/sdk_app_helloworld/build_out/blog/libblog.a
LOAD /home/sp/repos/bl_iot_sdk/customer_app/sdk_app_helloworld/build_out/blog_testc/libblog_testc.a
LOAD /home/sp/repos/bl_iot_sdk/customer_app/sdk_app_helloworld/build_out/bloop/libbloop.a
LOAD /home/sp/repos/bl_iot_sdk/customer_app/sdk_app_helloworld/build_out/bltime/libbltime.a
LOAD /home/sp/repos/bl_iot_sdk/customer_app/sdk_app_helloworld/build_out/cli/libcli.a
LOAD /home/sp/repos/bl_iot_sdk/customer_app/sdk_app_helloworld/build_out/freertos_riscv_ram/libfreertos_riscv_ram.a
LOAD /home/sp/repos/bl_iot_sdk/customer_app/sdk_app_helloworld/build_out/hal_drv/libhal_drv.a
LOAD /home/sp/repos/bl_iot_sdk/customer_app/sdk_app_helloworld/build_out/looprt/liblooprt.a
LOAD /home/sp/repos/bl_iot_sdk/customer_app/sdk_app_helloworld/build_out/loopset/libloopset.a
LOAD /home/sp/repos/bl_iot_sdk/customer_app/sdk_app_helloworld/build_out/romfs/libromfs.a
LOAD /home/sp/repos/bl_iot_sdk/customer_app/sdk_app_helloworld/build_out/sdk_app_helloworld/libsdk_app_helloworld.a
LOAD /home/sp/repos/bl_iot_sdk/customer_app/sdk_app_helloworld/build_out/utils/libutils.a
LOAD /home/sp/repos/bl_iot_sdk/customer_app/sdk_app_helloworld/build_out/vfs/libvfs.a
LOAD /home/sp/repos/bl_iot_sdk/customer_app/sdk_app_helloworld/build_out/yloop/libyloop.a
END GROUP
LOAD /home/sp/repos/bl_iot_sdk/toolchain/riscv/Linux/bin/../lib/gcc/riscv64-unknown-elf/8.3.0/../../../../riscv64-unknown-elf/lib/rv32imf/ilp32f/libm.a
LOAD /home/sp/repos/bl_iot_sdk/toolchain/riscv/Linux/bin/../lib/gcc/riscv64-unknown-elf/8.3.0/rv32imf/ilp32f/libgcc.a
START GROUP
LOAD /home/sp/repos/bl_iot_sdk/toolchain/riscv/Linux/bin/../lib/gcc/riscv64-unknown-elf/8.3.0/../../../../riscv64-unknown-elf/lib/rv32imf/ilp32f/libc.a
LOAD /home/sp/repos/bl_iot_sdk/toolchain/riscv/Linux/bin/../lib/gcc/riscv64-unknown-elf/8.3.0/../../../../riscv64-unknown-elf/lib/rv32imf/ilp32f/libgloss.a
END GROUP
LOAD /home/sp/repos/bl_iot_sdk/toolchain/riscv/Linux/bin/../lib/gcc/riscv64-unknown-elf/8.3.0/rv32imf/ilp32f/libgcc.a
                0x0000000000000000                __EM_SIZE = DEFINED (ble_controller_init)?0x2000:0x0
                0x0000000000000800                __stack_size = DEFINED (__stack_size)?__stack_size:0x800
                0x0000000042049c00                BOOT2_PT_ADDR = 0x42049c00
                0x0000000042049c18                BOOT2_FLASHCFG_ADDR = 0x42049c18

.init           0x0000000023000000      0x11c
 *(SORT_NONE(.init))
 .init          0x0000000023000000      0x11c /home/sp/repos/bl_iot_sdk/customer_app/sdk_app_helloworld/build_out/bl602/libbl602.a(start.o)
                0x0000000023000000                bl602_start

.text           0x000000002300011c     0x4810
 *(.text.unlikely .text.unlikely.*)
 *(.text.startup .text.startup.*)
 *(.text .text.*)
 .text.hal_boot2_get_flash_addr
                0x000000002300011c       0x18 /home/sp/repos/bl_iot_sdk/customer_app/sdk_app_helloworld/build_out/hal_drv/libhal_drv.a(hal_boot2.o)
                0x000000002300011c                hal_boot2_get_flash_addr
 .text.log_step
                0x0000000023000134       0x10 /home/sp/repos/bl_iot_sdk/customer_app/sdk_app_helloworld/build_out/sdk_app_helloworld/libsdk_app_helloworld.a(main.o)
                0x0000000023000134                log_step
 .text.helloworld
                0x0000000023000144       0x1a /home/sp/repos/bl_iot_sdk/customer_app/sdk_app_helloworld/build_out/sdk_app_helloworld/libsdk_app_helloworld.a(main.o)
                0x0000000023000144                helloworld
 .text.bfl_main
                0x000000002300015e       0x24 /home/sp/repos/bl_iot_sdk/customer_app/sdk_app_helloworld/build_out/sdk_app_helloworld/libsdk_app_helloworld.a(main.o)
                0x000000002300015e                bfl_main
 .text.format_int
                0x0000000023000182      0x25a /home/sp/repos/bl_iot_sdk/customer_app/sdk_app_helloworld/build_out/bl602/libbl602.a(debug.o)
 .text.cvt      0x00000000230003dc      0x23a /home/sp/repos/bl_iot_sdk/customer_app/sdk_app_helloworld/build_out/bl602/libbl602.a(debug.o)
 .text.ecvtbuf  0x0000000023000616        0x4 /home/sp/repos/bl_iot_sdk/customer_app/sdk_app_helloworld/build_out/bl602/libbl602.a(debug.o)
                0x0000000023000616                ecvtbuf
 .text.fcvtbuf  0x000000002300061a        0x4 /home/sp/repos/bl_iot_sdk/customer_app/sdk_app_helloworld/build_out/bl602/libbl602.a(debug.o)
                0x000000002300061a                fcvtbuf
 .text.flt      0x000000002300061e      0x436 /home/sp/repos/bl_iot_sdk/customer_app/sdk_app_helloworld/build_out/bl602/libbl602.a(debug.o)
 .text.vsnprintf
                0x0000000023000a54      0x4d2 /home/sp/repos/bl_iot_sdk/customer_app/sdk_app_helloworld/build_out/bl602/libbl602.a(debug.o)
                0x0000000023000a54                vsnprintf
 .text.vsprintf
                0x0000000023000f26        0xa /home/sp/repos/bl_iot_sdk/customer_app/sdk_app_helloworld/build_out/bl602/libbl602.a(debug.o)
                0x0000000023000f26                vsprintf
 .text.vprint   0x0000000023000f30       0x3a /home/sp/repos/bl_iot_sdk/customer_app/sdk_app_helloworld/build_out/bl602/libbl602.a(debug.o)
                0x0000000023000f30                vprint
 .text.printf   0x0000000023000f6a       0x2a /home/sp/repos/bl_iot_sdk/customer_app/sdk_app_helloworld/build_out/bl602/libbl602.a(debug.o)
                0x0000000023000f6a                printf
 .text.bl_uart_init
                0x0000000023000f94       0xd6 /home/sp/repos/bl_iot_sdk/customer_app/sdk_app_helloworld/build_out/hal_drv/libhal_drv.a(bl_uart.o)
                0x0000000023000f94                bl_uart_init
 .text.bl_uart_data_send
                0x000000002300106a       0x34 /home/sp/repos/bl_iot_sdk/customer_app/sdk_app_helloworld/build_out/hal_drv/libhal_drv.a(bl_uart.o)
                0x000000002300106a                bl_uart_data_send
 .text.UART_Init
                0x000000002300109e       0xf4 /home/sp/repos/bl_iot_sdk/customer_app/sdk_app_helloworld/build_out/bl602_std/libbl602_std.a(bl602_uart.o)
                0x000000002300109e                UART_Init
 .text.UART_FifoConfig
                0x0000000023001192       0x6a /home/sp/repos/bl_iot_sdk/customer_app/sdk_app_helloworld/build_out/bl602_std/libbl602_std.a(bl602_uart.o)
                0x0000000023001192                UART_FifoConfig
 .text.UART_Enable
                0x00000000230011fc       0x34 /home/sp/repos/bl_iot_sdk/customer_app/sdk_app_helloworld/build_out/bl602_std/libbl602_std.a(bl602_uart.o)
                0x00000000230011fc                UART_Enable
 .text.UART_Disable
                0x0000000023001230       0x30 /home/sp/repos/bl_iot_sdk/customer_app/sdk_app_helloworld/build_out/bl602_std/libbl602_std.a(bl602_uart.o)
                0x0000000023001230                UART_Disable
 .text.UART_TxFreeRun
                0x0000000023001260       0x24 /home/sp/repos/bl_iot_sdk/customer_app/sdk_app_helloworld/build_out/bl602_std/libbl602_std.a(bl602_uart.o)
                0x0000000023001260                UART_TxFreeRun
 .text.UART_IntMask
                0x0000000023001284       0x3e /home/sp/repos/bl_iot_sdk/customer_app/sdk_app_helloworld/build_out/bl602_std/libbl602_std.a(bl602_uart.o)
                0x0000000023001284                UART_IntMask
 .text.UART_GetTxFifoCount
                0x00000000230012c2       0x18 /home/sp/repos/bl_iot_sdk/customer_app/sdk_app_helloworld/build_out/bl602_std/libbl602_std.a(bl602_uart.o)
                0x00000000230012c2                UART_GetTxFifoCount
 .text.GLB_Set_UART_CLK
                0x00000000230012da       0x3e /home/sp/repos/bl_iot_sdk/customer_app/sdk_app_helloworld/build_out/bl602_std/libbl602_std.a(bl602_glb.o)
                0x00000000230012da                GLB_Set_UART_CLK
 .text.GLB_UART_Fun_Sel
                0x0000000023001318       0x24 /home/sp/repos/bl_iot_sdk/customer_app/sdk_app_helloworld/build_out/bl602_std/libbl602_std.a(bl602_glb.o)
                0x0000000023001318                GLB_UART_Fun_Sel
 .text.HBN_Set_UART_CLK_Sel
                0x000000002300133c       0x12 /home/sp/repos/bl_iot_sdk/customer_app/sdk_app_helloworld/build_out/bl602_std/libbl602_std.a(bl602_hbn.o)
                0x000000002300133c                HBN_Set_UART_CLK_Sel
 *fill*         0x000000002300134e        0x2 
 .text          0x0000000023001350       0xf4 /home/sp/repos/bl_iot_sdk/toolchain/riscv/Linux/bin/../lib/gcc/riscv64-unknown-elf/8.3.0/../../../../riscv64-unknown-elf/lib/rv32imf/ilp32f/libm.a(lib_a-s_modf.o)
                0x0000000023001350                modf
 .text          0x0000000023001444       0x4c /home/sp/repos/bl_iot_sdk/toolchain/riscv/Linux/bin/../lib/gcc/riscv64-unknown-elf/8.3.0/rv32imf/ilp32f/libgcc.a(_clzsi2.o)
                0x0000000023001444                __clzsi2
 .text          0x0000000023001490      0x434 /home/sp/repos/bl_iot_sdk/toolchain/riscv/Linux/bin/../lib/gcc/riscv64-unknown-elf/8.3.0/rv32imf/ilp32f/libgcc.a(_udivdi3.o)
                0x0000000023001490                __udivdi3
 .text          0x00000000230018c4      0x410 /home/sp/repos/bl_iot_sdk/toolchain/riscv/Linux/bin/../lib/gcc/riscv64-unknown-elf/8.3.0/rv32imf/ilp32f/libgcc.a(_umoddi3.o)
                0x00000000230018c4                __umoddi3
 .text          0x0000000023001cd4      0xb50 /home/sp/repos/bl_iot_sdk/toolchain/riscv/Linux/bin/../lib/gcc/riscv64-unknown-elf/8.3.0/rv32imf/ilp32f/libgcc.a(adddf3.o)
                0x0000000023001cd4                __adddf3
 .text          0x0000000023002824      0x8ac /home/sp/repos/bl_iot_sdk/toolchain/riscv/Linux/bin/../lib/gcc/riscv64-unknown-elf/8.3.0/rv32imf/ilp32f/libgcc.a(divdf3.o)
                0x0000000023002824                __divdf3
 .text          0x00000000230030d0       0xc8 /home/sp/repos/bl_iot_sdk/toolchain/riscv/Linux/bin/../lib/gcc/riscv64-unknown-elf/8.3.0/rv32imf/ilp32f/libgcc.a(eqdf2.o)
                0x00000000230030d0                __eqdf2
                0x00000000230030d0                __nedf2
 .text          0x0000000023003198       0xec /home/sp/repos/bl_iot_sdk/toolchain/riscv/Linux/bin/../lib/gcc/riscv64-unknown-elf/8.3.0/rv32imf/ilp32f/libgcc.a(gedf2.o)
                0x0000000023003198                __gtdf2
                0x0000000023003198                __gedf2
 .text          0x0000000023003284       0xec /home/sp/repos/bl_iot_sdk/toolchain/riscv/Linux/bin/../lib/gcc/riscv64-unknown-elf/8.3.0/rv32imf/ilp32f/libgcc.a(ledf2.o)
                0x0000000023003284                __ltdf2
                0x0000000023003284                __ledf2
 .text          0x0000000023003370      0x79c /home/sp/repos/bl_iot_sdk/toolchain/riscv/Linux/bin/../lib/gcc/riscv64-unknown-elf/8.3.0/rv32imf/ilp32f/libgcc.a(muldf3.o)
                0x0000000023003370                __muldf3
 .text          0x0000000023003b0c      0xb38 /home/sp/repos/bl_iot_sdk/toolchain/riscv/Linux/bin/../lib/gcc/riscv64-unknown-elf/8.3.0/rv32imf/ilp32f/libgcc.a(subdf3.o)
                0x0000000023003b0c                __subdf3
 .text          0x0000000023004644       0xfc /home/sp/repos/bl_iot_sdk/toolchain/riscv/Linux/bin/../lib/gcc/riscv64-unknown-elf/8.3.0/rv32imf/ilp32f/libgcc.a(fixdfsi.o)
                0x0000000023004644                __fixdfsi
 .text          0x0000000023004740      0x11c /home/sp/repos/bl_iot_sdk/toolchain/riscv/Linux/bin/../lib/gcc/riscv64-unknown-elf/8.3.0/../../../../riscv64-unknown-elf/lib/rv32imf/ilp32f/libc.a(lib_a-memcpy.o)
                0x0000000023004740                memcpy
 .text          0x000000002300485c       0x8c /home/sp/repos/bl_iot_sdk/toolchain/riscv/Linux/bin/../lib/gcc/riscv64-unknown-elf/8.3.0/../../../../riscv64-unknown-elf/lib/rv32imf/ilp32f/libc.a(lib_a-strlen.o)
                0x000000002300485c                strlen
 .text          0x00000000230048e8       0x44 /home/sp/repos/bl_iot_sdk/toolchain/riscv/Linux/bin/../lib/gcc/riscv64-unknown-elf/8.3.0/../../../../riscv64-unknown-elf/lib/rv32imf/ilp32f/libc.a(lib_a-strnlen.o)
                0x00000000230048e8                strnlen
 *(.gnu.linkonce.t.*)

.rodata         0x0000000023004930      0x418
 *(.rdata)
 *(.rodata .rodata.*)
 .rodata.log_step.str1.4
                0x0000000023004930        0xa /home/sp/repos/bl_iot_sdk/customer_app/sdk_app_helloworld/build_out/sdk_app_helloworld/libsdk_app_helloworld.a(main.o)
 *fill*         0x000000002300493a        0x2 
 .rodata.str1.4
                0x000000002300493c       0x26 /home/sp/repos/bl_iot_sdk/customer_app/sdk_app_helloworld/build_out/sdk_app_helloworld/libsdk_app_helloworld.a(main.o)
 *fill*         0x0000000023004962        0x2 
 .rodata.vsnprintf
                0x0000000023004964      0x1f4 /home/sp/repos/bl_iot_sdk/customer_app/sdk_app_helloworld/build_out/bl602/libbl602.a(debug.o)
 .rodata.cvt.cst8
                0x0000000023004b58       0x18 /home/sp/repos/bl_iot_sdk/customer_app/sdk_app_helloworld/build_out/bl602/libbl602.a(debug.o)
 .rodata.lcdigits.2256
                0x0000000023004b70       0x11 /home/sp/repos/bl_iot_sdk/customer_app/sdk_app_helloworld/build_out/bl602/libbl602.a(debug.o)
 *fill*         0x0000000023004b81        0x3 
 .rodata.ucdigits.2257
                0x0000000023004b84       0x11 /home/sp/repos/bl_iot_sdk/customer_app/sdk_app_helloworld/build_out/bl602/libbl602.a(debug.o)
 *fill*         0x0000000023004b95        0x3 
 .rodata.vsnprintf.str1.4
                0x0000000023004b98        0x8 /home/sp/repos/bl_iot_sdk/customer_app/sdk_app_helloworld/build_out/bl602/libbl602.a(debug.o)
                                          0x7 (size before relaxing)
 .rodata        0x0000000023004ba0       0x20 /home/sp/repos/bl_iot_sdk/customer_app/sdk_app_helloworld/build_out/hal_drv/libhal_drv.a(bl_uart.o)
 .rodata        0x0000000023004bc0       0x3c /home/sp/repos/bl_iot_sdk/toolchain/riscv/Linux/bin/../lib/gcc/riscv64-unknown-elf/8.3.0/rv32imf/ilp32f/libgcc.a(divdf3.o)
 .rodata        0x0000000023004bfc       0x3c /home/sp/repos/bl_iot_sdk/toolchain/riscv/Linux/bin/../lib/gcc/riscv64-unknown-elf/8.3.0/rv32imf/ilp32f/libgcc.a(muldf3.o)
 .rodata        0x0000000023004c38      0x100 /home/sp/repos/bl_iot_sdk/toolchain/riscv/Linux/bin/../lib/gcc/riscv64-unknown-elf/8.3.0/rv32imf/ilp32f/libgcc.a(_clz.o)
                0x0000000023004c38                __clz_tab
 *(.sdata2.*)
 .sdata2.uartAddr
                0x0000000023004d38        0x8 /home/sp/repos/bl_iot_sdk/customer_app/sdk_app_helloworld/build_out/hal_drv/libhal_drv.a(bl_uart.o)
 .sdata2.uartAddr
                0x0000000023004d40        0x8 /home/sp/repos/bl_iot_sdk/customer_app/sdk_app_helloworld/build_out/bl602_std/libbl602_std.a(bl602_uart.o)
                0x0000000023004d48                . = ALIGN (0x4)
                0x0000000023004d48                _bl_static_cli_cmds_start = .
 *(.static_cli_cmds)
 *(.static_cli_cmds)
                0x0000000023004d48                _bl_static_cli_cmds_end = .
                0x0000000023004d48                . = ALIGN (0x4)
                0x0000000023004d48                _bl_static_blogcomponent_code_start = .
 SORT_BY_NAME(*)(.static_blogcomponent_code*)
 *(.static_blogcomponent_code*)
                0x0000000023004d48                _bl_static_blogcomponent_code_end = .
                0x0000000023004d48                . = ALIGN (0x4)
                0x0000000023004d48                _bl_static_blogfile_code_start = .
 SORT_BY_NAME(*)(.static_blogfile_code*)
 *(.static_blogfile_code*)
                0x0000000023004d48                _bl_static_blogfile_code_end = .
                0x0000000023004d48                . = ALIGN (0x4)
                0x0000000023004d48                _bl_static_blogpri_code_start = .
 SORT_BY_NAME(*)(.static_blogpri_code*)
 *(.static_blogpri_code*)
                0x0000000023004d48                _bl_static_blogpri_code_end = .
 *(.gnu.linkonce.r.*)

.rela.dyn       0x0000000023004d48        0x0
 .rela.init     0x0000000023004d48        0x0 /home/sp/repos/bl_iot_sdk/customer_app/sdk_app_helloworld/build_out/bl602/libbl602.a(start.o)
 .rela.text.hal_boot2_get_flash_addr
                0x0000000023004d48        0x0 /home/sp/repos/bl_iot_sdk/customer_app/sdk_app_helloworld/build_out/bl602/libbl602.a(start.o)

.preinit_array  0x0000000023004d48        0x0
                0x0000000023004d48                . = ALIGN (0x4)
                0x0000000023004d48                __preinit_array_start = .
 *(.preinit_array)
                0x0000000023004d48                __preinit_array_end = .

.init_array     0x0000000023004d48        0x0
                0x0000000023004d48                . = ALIGN (0x4)
                0x0000000023004d48                __init_array_start = .
 *(SORT_BY_INIT_PRIORITY(.init_array.*))
 *(.init_array)
                0x0000000023004d48                __init_array_end = .

.wifibss        0x0000000042030000        0x0
                0x0000000042030000                PROVIDE (__wifi_bss_start = ADDR (.wifibss))
                0x0000000042030000                PROVIDE (__wifi_bss_end = (ADDR (.wifibss) + SIZEOF (.wifibss)))
 *ipc_shared.o(COMMON)
 *sdu_shared.o(COMMON)
 *hal_desc.o(COMMON)
 *txl_buffer_shared.o(COMMON)
 *txl_frame_shared.o(COMMON)
 *scan_shared.o(COMMON)
 *scanu_shared.o(COMMON)
 *mfp_bip.o(COMMON)
 *me_mic.o(COMMON)
 *bl_sta_mgmt_others.o(COMMON)
 *bl_pmk_mgmt.o(COMMON)
 *bl_pmk_mgmt_internal.o(COMMON)
 *libwifi_drv.a:bl_utils.o(COMMON)
 *libwifi_drv.a:bl_utils.o(.bss*)
 *(.wifi_ram*)
                0x0000000042030000                . = ALIGN (0x10)
                [!provide]                        PROVIDE (_heap_wifi_start = .)
                [!provide]                        PROVIDE (_heap_wifi_size = ((ORIGIN (ram_wifi) + LENGTH (ram_wifi)) - _heap_wifi_start))

.data           0x000000004200c000      0x578 load address 0x0000000023004d48
                0x0000000023004d48                PROVIDE (_data_load = LOADADDR (.data))
                0x000000004200c000                PROVIDE (_data_run = ADDR (.data))
                0x000000004200c578                PROVIDE (_data_run_end = (ADDR (.data) + SIZEOF (.data)))
 *(.tcm_code)
 .tcm_code      0x000000004200c000      0x550 /home/sp/repos/bl_iot_sdk/customer_app/sdk_app_helloworld/build_out/bl602_std/libbl602_std.a(bl602_romapi.o)
                0x000000004200c000                AON_Power_On_BG
                0x000000004200c00a                AON_Power_Off_BG
                0x000000004200c014                AON_Power_On_LDO11_SOC
                0x000000004200c01e                AON_Power_Off_LDO11_SOC
                0x000000004200c028                AON_Power_On_LDO15_RF
                0x000000004200c032                AON_Power_Off_LDO15_RF
                0x000000004200c03c                AON_Power_On_SFReg
                0x000000004200c046                AON_Power_Off_SFReg
                0x000000004200c050                AON_LowPower_Enter_PDS0
                0x000000004200c05a                AON_LowPower_Exit_PDS0
                0x000000004200c064                ASM_Delay_Us
                0x000000004200c06e                BL602_Delay_US
                0x000000004200c078                BL602_Delay_MS
                0x000000004200c082                BL602_MemCpy
                0x000000004200c08c                BL602_MemCpy4
                0x000000004200c096                BL602_MemCpy_Fast
                0x000000004200c0a0                BL602_MemSet
                0x000000004200c0aa                BL602_MemSet4
                0x000000004200c0b4                BL602_MemCmp
                0x000000004200c0be                EF_Ctrl_Sw_AHB_Clk_0
                0x000000004200c0c8                EF_Ctrl_Program_Efuse_0
                0x000000004200c0d2                EF_Ctrl_Load_Efuse_R0
                0x000000004200c0dc                EF_Ctrl_Busy
                0x000000004200c0e6                EF_Ctrl_AutoLoad_Done
                0x000000004200c0f0                EF_Ctrl_Clear
                0x000000004200c0fa                GLB_SW_System_Reset
                0x000000004200c104                GLB_SW_CPU_Reset
                0x000000004200c10e                GLB_SW_POR_Reset
                0x000000004200c118                GLB_Select_Internal_Flash
                0x000000004200c122                GLB_Select_External_Flash
                0x000000004200c12c                GLB_Deswap_Flash_Pin
                0x000000004200c136                GLB_Swap_Flash_Pin
                0x000000004200c140                GLB_GPIO_Init
                0x000000004200c14a                GLB_GPIO_OUTPUT_Enable
                0x000000004200c154                GLB_GPIO_OUTPUT_Disable
                0x000000004200c15e                GLB_GPIO_Set_HZ
                0x000000004200c168                GLB_GPIO_Get_Fun
                0x000000004200c172                HBN_Mode_Enter
                0x000000004200c17c                HBN_Power_Down_Flash
                0x000000004200c186                HBN_Enable
                0x000000004200c190                HBN_Reset
                0x000000004200c19a                HBN_Set_Ldo11_Aon_Vout
                0x000000004200c1a4                HBN_Set_Ldo11_Rt_Vout
                0x000000004200c1ae                HBN_Set_Ldo11_Soc_Vout
                0x000000004200c1b8                HBN_Hw_Pu_Pd_Cfg
                0x000000004200c1c2                HBN_Pin_WakeUp_Mask
                0x000000004200c1cc                HBN_GPIO7_Dbg_Pull_Cfg
                0x000000004200c1d6                HBN_Set_Embedded_Flash_Pullup
                0x000000004200c1e0                L1C_Set_Wrap
                0x000000004200c1ea                L1C_Set_Way_Disable
                0x000000004200c1f4                L1C_IROM_2T_Access_Set
                0x000000004200c1fe                PDS_Reset
                0x000000004200c208                PDS_Force_Config
                0x000000004200c212                PDS_RAM_Config
                0x000000004200c21c                PDS_Default_Level_Config
                0x000000004200c226                SEC_Eng_Turn_On_Sec_Ring
                0x000000004200c230                SEC_Eng_Turn_Off_Sec_Ring
                0x000000004200c23a                SFlash_Init
                0x000000004200c244                SFlash_SetSPIMode
                0x000000004200c24e                SFlash_Read_Reg
                0x000000004200c258                SFlash_Write_Reg
                0x000000004200c262                SFlash_Busy
                0x000000004200c26c                SFlash_Write_Enable
                0x000000004200c276                SFlash_Qspi_Enable
                0x000000004200c280                SFlash_Volatile_Reg_Write_Enable
                0x000000004200c28a                SFlash_Chip_Erase
                0x000000004200c294                SFlash_Sector_Erase
                0x000000004200c29e                SFlash_Blk32_Erase
                0x000000004200c2a8                SFlash_Blk64_Erase
                0x000000004200c2b2                SFlash_Erase
                0x000000004200c2bc                SFlash_Program
                0x000000004200c2c6                SFlash_GetUniqueId
                0x000000004200c2d0                SFlash_GetJedecId
                0x000000004200c2da                SFlash_GetDeviceId
                0x000000004200c2e4                SFlash_Powerdown
                0x000000004200c2ee                SFlash_Releae_Powerdown
                0x000000004200c2f8                SFlash_SetBurstWrap
                0x000000004200c302                SFlash_DisableBurstWrap
                0x000000004200c30c                SFlash_Software_Reset
                0x000000004200c316                SFlash_Reset_Continue_Read
                0x000000004200c320                SFlash_Set_IDbus_Cfg
                0x000000004200c32a                SFlash_IDbus_Read_Enable
                0x000000004200c334                SFlash_Cache_Enable_Set
                0x000000004200c33e                SFlash_Cache_Flush
                0x000000004200c348                SFlash_Cache_Read_Enable
                0x000000004200c352                SFlash_Cache_Hit_Count_Get
                0x000000004200c35c                SFlash_Cache_Miss_Count_Get
                0x000000004200c366                SFlash_Cache_Read_Disable
                0x000000004200c370                SFlash_Read
                0x000000004200c37a                SFlash_Read_Reg_With_Cmd
                0x000000004200c384                SFlash_Write_Reg_With_Cmd
                0x000000004200c38e                SF_Cfg_Init_Ext_Flash_Gpio
                0x000000004200c398                SF_Cfg_Init_Internal_Flash_Gpio
                0x000000004200c3a2                SF_Cfg_Deinit_Ext_Flash_Gpio
                0x000000004200c3ac                SF_Cfg_Restore_GPIO17_Fun
                0x000000004200c3b6                SF_Cfg_Get_Flash_Cfg_Need_Lock
                0x000000004200c3c0                SF_Cfg_Init_Flash_Gpio
                0x000000004200c3ca                SF_Cfg_Flash_Identify
                0x000000004200c3d4                SF_Ctrl_Enable
                0x000000004200c3de                SF_Ctrl_Select_Pad
                0x000000004200c3e8                SF_Ctrl_Set_Owner
                0x000000004200c3f2                SF_Ctrl_Disable
                0x000000004200c3fc                SF_Ctrl_AES_Enable_BE
                0x000000004200c406                SF_Ctrl_AES_Enable_LE
                0x000000004200c410                SF_Ctrl_AES_Set_Region
                0x000000004200c41a                SF_Ctrl_AES_Set_Key
                0x000000004200c424                SF_Ctrl_AES_Set_Key_BE
                0x000000004200c42e                SF_Ctrl_AES_Set_IV
                0x000000004200c438                SF_Ctrl_AES_Set_IV_BE
                0x000000004200c442                SF_Ctrl_AES_Enable
                0x000000004200c44c                SF_Ctrl_AES_Disable
                0x000000004200c456                SF_Ctrl_Set_Flash_Image_Offset
                0x000000004200c460                SF_Ctrl_Get_Flash_Image_Offset
                0x000000004200c46a                SF_Ctrl_Select_Clock
                0x000000004200c474                SF_Ctrl_SendCmd
                0x000000004200c47e                SF_Ctrl_Icache_Set
                0x000000004200c488                SF_Ctrl_Icache2_Set
                0x000000004200c492                SF_Ctrl_GetBusyState
                0x000000004200c49c                SF_Ctrl_Is_AES_Enable
                0x000000004200c4a6                SF_Ctrl_Get_Clock_Delay
                0x000000004200c4b0                SF_Ctrl_Set_Clock_Delay
                0x000000004200c4ba                XIP_SFlash_State_Save
                0x000000004200c4c4                XIP_SFlash_State_Restore
                0x000000004200c4ce                XIP_SFlash_Erase_Need_Lock
                0x000000004200c4d8                XIP_SFlash_Write_Need_Lock
                0x000000004200c4e2                XIP_SFlash_Read_Need_Lock
                0x000000004200c4ec                XIP_SFlash_GetJedecId_Need_Lock
                0x000000004200c4f6                XIP_SFlash_GetDeviceId_Need_Lock
                0x000000004200c500                XIP_SFlash_GetUniqueId_Need_Lock
                0x000000004200c50a                XIP_SFlash_Read_Via_Cache_Need_Lock
                0x000000004200c514                XIP_SFlash_Read_With_Lock
                0x000000004200c51e                XIP_SFlash_Write_With_Lock
                0x000000004200c528                XIP_SFlash_Erase_With_Lock
                0x000000004200c532                XIP_SFlash_Opt_Enter
                0x000000004200c53c                XIP_SFlash_Opt_Exit
                0x000000004200c546                BFLB_Soft_CRC32
 *(.tcm_const)
 *(.sclock_rlt_code)
 *(.sclock_rlt_const)
 *(.data .data.*)
 *(.gnu.linkonce.d.*)
                0x000000004200c550                . = ALIGN (0x8)
                0x000000004200cd40                PROVIDE (__global_pointer$ = (. + 0x7f0))
 *libfreertos_riscv.a:*(.sdata.*)
 *libfreertos_riscv.a:*(.sbss.*)
 *libfreertos_riscv.a:*(.bss.*)
 *libfreertos_riscv.a:*(COMMON)
 *(.sdata .sdata.*)
 .sdata.ci_table_step_end
                0x000000004200c550        0x8 /home/sp/repos/bl_iot_sdk/customer_app/sdk_app_helloworld/build_out/sdk_app_helloworld/libsdk_app_helloworld.a(main.o)
 .sdata.ci_table_step_init
                0x000000004200c558        0x8 /home/sp/repos/bl_iot_sdk/customer_app/sdk_app_helloworld/build_out/sdk_app_helloworld/libsdk_app_helloworld.a(main.o)
 .sdata.ci_table_step_log
                0x000000004200c560        0x8 /home/sp/repos/bl_iot_sdk/customer_app/sdk_app_helloworld/build_out/sdk_app_helloworld/libsdk_app_helloworld.a(main.o)
 .sdata.sys_log_all_enable
                0x000000004200c568        0x1 /home/sp/repos/bl_iot_sdk/customer_app/sdk_app_helloworld/build_out/hal_drv/libhal_drv.a(bl_sys.o)
                0x000000004200c568                sys_log_all_enable
 *(.gnu.linkonce.s.*)
                0x000000004200c570                . = ALIGN (0x8)
 *fill*         0x000000004200c569        0x7 
 *(.srodata.cst16)
 *(.srodata.cst8)
 *(.srodata.cst4)
 *(.srodata.cst2)
 *(.srodata .srodata.*)
 .srodata       0x000000004200c570        0x4 /home/sp/repos/bl_iot_sdk/customer_app/sdk_app_helloworld/build_out/hal_drv/libhal_drv.a(bl_uart.o)
                0x000000004200c578                . = ALIGN (0x8)
 *fill*         0x000000004200c574        0x4 
 *(._k_queue.static.*)
 *(._k_sem.static.*)
 *(._k_mutex.static.*)
                0x000000004200c578                _net_buf_pool_list = .
 *(SORT_BY_NAME(._net_buf_pool.static.*))
                0x000000004200c578                _bt_gatt_service_static_list_start = .
 *(SORT_BY_NAME(._bt_gatt_service_static.static.*))
                0x000000004200c578                _bt_gatt_service_static_list_end = .
                0x000000004200c578                _bt_l2cap_fixed_chan_list_start = .
 *(SORT_BY_NAME(._bt_l2cap_fixed_chan.static.*))
                0x000000004200c578                _bt_l2cap_fixed_chan_list_end = .

.boot2          0x000000004200c578      0x258 load address 0x00000000230052c0
                0x000000004200c578                PROVIDE (__boot2_pt_addr_start = .)
 *(.bss.boot2_partition_table)
 .bss.boot2_partition_table
                0x000000004200c578      0x258 /home/sp/repos/bl_iot_sdk/customer_app/sdk_app_helloworld/build_out/hal_drv/libhal_drv.a(hal_boot2.o)
                0x000000004200c7d0                PROVIDE (__boot2_pt_addr_end = .)
                0x000000004200c7d0                PROVIDE (__boot2_flashCfg_start = .)
 *(.bss.boot2_flashCfg)
                0x000000004200c7d0                PROVIDE (__boot2_flashCfg_end = .)

.bss            0x000000004200c7d0      0x204 load address 0x00000000230052c0
                0x000000004200c7d0                PROVIDE (__bss_start = ADDR (.bss))
                0x000000004200c9d4                PROVIDE (__bss_end = (ADDR (.bss) + SIZEOF (.bss)))
 *(.sbss*)
 .sbss.uart_clk_init.7788
                0x000000004200c7d0        0x1 /home/sp/repos/bl_iot_sdk/customer_app/sdk_app_helloworld/build_out/hal_drv/libhal_drv.a(bl_uart.o)
 *(.gnu.linkonce.sb.*)
 *(.bss .bss.*)
 *fill*         0x000000004200c7d1        0x3 
 .bss.string    0x000000004200c7d4      0x200 /home/sp/repos/bl_iot_sdk/customer_app/sdk_app_helloworld/build_out/bl602/libbl602.a(debug.o)
 *(.gnu.linkonce.b.*)
 *(COMMON)
                [!provide]                        PROVIDE (_heap_start = .)
                [!provide]                        PROVIDE (_heap_size = (ADDR (.stack) - _heap_start))

.stack          0x000000004202f800      0x800
                0x0000000042030000                . = (. + __stack_size)
 *fill*         0x000000004202f800      0x800 
                0x0000000042030000                PROVIDE (_sp_main = .)
                0x0000000042030000                __freertos_irq_stack_top = .
                [!provide]                        PROVIDE (_ld_bl_static_cli_cmds_start = _bl_static_cli_cmds_start)
                [!provide]                        PROVIDE (_ld_bl_static_cli_cmds_end = _bl_static_cli_cmds_end)
                [!provide]                        PROVIDE (_ld_bl_static_blogcomponent_code_start = _bl_static_blogcomponent_code_start)
                [!provide]                        PROVIDE (_ld_bl_static_blogcomponent_code_end = _bl_static_blogcomponent_code_end)
                [!provide]                        PROVIDE (_ld_bl_static_blogfile_code_start = _bl_static_blogfile_code_start)
                [!provide]                        PROVIDE (_ld_bl_static_blogfile_code_end = _bl_static_blogfile_code_end)
                [!provide]                        PROVIDE (_ld_bl_static_blogpri_code_start = _bl_static_blogpri_code_start)
                [!provide]                        PROVIDE (_ld_bl_static_blogpri_code_end = _bl_static_blogpri_code_end)
                [!provide]                        PROVIDE (_ld_ram_size0 = LENGTH (flash))
                [!provide]                        PROVIDE (_ld_ram_addr0 = ORIGIN (flash))
                [!provide]                        PROVIDE (_ld_ram_size1 = LENGTH (ram_tcm))
                [!provide]                        PROVIDE (_ld_ram_addr1 = ORIGIN (ram_tcm))
                [!provide]                        PROVIDE (_ld_ram_size2 = LENGTH (ram_wifi))
                [!provide]                        PROVIDE (_ld_ram_addr2 = ORIGIN (ram_wifi))
                0x0000000042049c00                PROVIDE (__boot2_pt_addr_src = BOOT2_PT_ADDR)
                0x0000000042049c18                PROVIDE (__boot2_flashCfg_src = BOOT2_FLASHCFG_ADDR)
                0x0000000000000000                PROVIDE (__LD_CONFIG_EM_SEL = __EM_SIZE)
OUTPUT(/home/sp/repos/bl_iot_sdk/customer_app/sdk_app_helloworld/build_out/sdk_app_helloworld.elf elf32-littleriscv)

.riscv.attributes
                0x0000000000000000       0x2b
 .riscv.attributes
                0x0000000000000000       0x29 /home/sp/repos/bl_iot_sdk/customer_app/sdk_app_helloworld/build_out/bl602/libbl602.a(start.o)
 .riscv.attributes
                0x0000000000000029       0x2b /home/sp/repos/bl_iot_sdk/customer_app/sdk_app_helloworld/build_out/hal_drv/libhal_drv.a(hal_boot2.o)
 .riscv.attributes
                0x0000000000000054       0x2b /home/sp/repos/bl_iot_sdk/customer_app/sdk_app_helloworld/build_out/sdk_app_helloworld/libsdk_app_helloworld.a(main.o)
 .riscv.attributes
                0x000000000000007f       0x2b /home/sp/repos/bl_iot_sdk/customer_app/sdk_app_helloworld/build_out/bl602/libbl602.a(debug.o)
 .riscv.attributes
                0x00000000000000aa       0x2b /home/sp/repos/bl_iot_sdk/customer_app/sdk_app_helloworld/build_out/hal_drv/libhal_drv.a(bl_uart.o)
 .riscv.attributes
                0x00000000000000d5       0x2b /home/sp/repos/bl_iot_sdk/customer_app/sdk_app_helloworld/build_out/hal_drv/libhal_drv.a(bl_sys.o)
 .riscv.attributes
                0x0000000000000100       0x2b /home/sp/repos/bl_iot_sdk/customer_app/sdk_app_helloworld/build_out/bl602_std/libbl602_std.a(bl602_uart.o)
 .riscv.attributes
                0x000000000000012b       0x2b /home/sp/repos/bl_iot_sdk/customer_app/sdk_app_helloworld/build_out/bl602_std/libbl602_std.a(bl602_glb.o)
 .riscv.attributes
                0x0000000000000156       0x2b /home/sp/repos/bl_iot_sdk/customer_app/sdk_app_helloworld/build_out/bl602_std/libbl602_std.a(bl602_hbn.o)
 .riscv.attributes
                0x0000000000000181       0x2b /home/sp/repos/bl_iot_sdk/customer_app/sdk_app_helloworld/build_out/bl602_std/libbl602_std.a(bl602_romapi.o)
 .riscv.attributes
                0x00000000000001ac       0x26 /home/sp/repos/bl_iot_sdk/toolchain/riscv/Linux/bin/../lib/gcc/riscv64-unknown-elf/8.3.0/../../../../riscv64-unknown-elf/lib/rv32imf/ilp32f/libm.a(lib_a-s_modf.o)
 .riscv.attributes
                0x00000000000001d2       0x26 /home/sp/repos/bl_iot_sdk/toolchain/riscv/Linux/bin/../lib/gcc/riscv64-unknown-elf/8.3.0/rv32imf/ilp32f/libgcc.a(_clzsi2.o)
 .riscv.attributes
                0x00000000000001f8       0x26 /home/sp/repos/bl_iot_sdk/toolchain/riscv/Linux/bin/../lib/gcc/riscv64-unknown-elf/8.3.0/rv32imf/ilp32f/libgcc.a(_udivdi3.o)
 .riscv.attributes
                0x000000000000021e       0x26 /home/sp/repos/bl_iot_sdk/toolchain/riscv/Linux/bin/../lib/gcc/riscv64-unknown-elf/8.3.0/rv32imf/ilp32f/libgcc.a(_umoddi3.o)
 .riscv.attributes
                0x0000000000000244       0x26 /home/sp/repos/bl_iot_sdk/toolchain/riscv/Linux/bin/../lib/gcc/riscv64-unknown-elf/8.3.0/rv32imf/ilp32f/libgcc.a(adddf3.o)
 .riscv.attributes
                0x000000000000026a       0x26 /home/sp/repos/bl_iot_sdk/toolchain/riscv/Linux/bin/../lib/gcc/riscv64-unknown-elf/8.3.0/rv32imf/ilp32f/libgcc.a(divdf3.o)
 .riscv.attributes
                0x0000000000000290       0x26 /home/sp/repos/bl_iot_sdk/toolchain/riscv/Linux/bin/../lib/gcc/riscv64-unknown-elf/8.3.0/rv32imf/ilp32f/libgcc.a(eqdf2.o)
 .riscv.attributes
                0x00000000000002b6       0x26 /home/sp/repos/bl_iot_sdk/toolchain/riscv/Linux/bin/../lib/gcc/riscv64-unknown-elf/8.3.0/rv32imf/ilp32f/libgcc.a(gedf2.o)
 .riscv.attributes
                0x00000000000002dc       0x26 /home/sp/repos/bl_iot_sdk/toolchain/riscv/Linux/bin/../lib/gcc/riscv64-unknown-elf/8.3.0/rv32imf/ilp32f/libgcc.a(ledf2.o)
 .riscv.attributes
                0x0000000000000302       0x26 /home/sp/repos/bl_iot_sdk/toolchain/riscv/Linux/bin/../lib/gcc/riscv64-unknown-elf/8.3.0/rv32imf/ilp32f/libgcc.a(muldf3.o)
 .riscv.attributes
                0x0000000000000328       0x26 /home/sp/repos/bl_iot_sdk/toolchain/riscv/Linux/bin/../lib/gcc/riscv64-unknown-elf/8.3.0/rv32imf/ilp32f/libgcc.a(subdf3.o)
 .riscv.attributes
                0x000000000000034e       0x26 /home/sp/repos/bl_iot_sdk/toolchain/riscv/Linux/bin/../lib/gcc/riscv64-unknown-elf/8.3.0/rv32imf/ilp32f/libgcc.a(fixdfsi.o)
 .riscv.attributes
                0x0000000000000374       0x26 /home/sp/repos/bl_iot_sdk/toolchain/riscv/Linux/bin/../lib/gcc/riscv64-unknown-elf/8.3.0/rv32imf/ilp32f/libgcc.a(_clz.o)
 .riscv.attributes
                0x000000000000039a       0x26 /home/sp/repos/bl_iot_sdk/toolchain/riscv/Linux/bin/../lib/gcc/riscv64-unknown-elf/8.3.0/../../../../riscv64-unknown-elf/lib/rv32imf/ilp32f/libc.a(lib_a-memcpy.o)
 .riscv.attributes
                0x00000000000003c0       0x26 /home/sp/repos/bl_iot_sdk/toolchain/riscv/Linux/bin/../lib/gcc/riscv64-unknown-elf/8.3.0/../../../../riscv64-unknown-elf/lib/rv32imf/ilp32f/libc.a(lib_a-strlen.o)
 .riscv.attributes
                0x00000000000003e6       0x26 /home/sp/repos/bl_iot_sdk/toolchain/riscv/Linux/bin/../lib/gcc/riscv64-unknown-elf/8.3.0/../../../../riscv64-unknown-elf/lib/rv32imf/ilp32f/libc.a(lib_a-strnlen.o)

.comment        0x0000000000000000       0x28
 .comment       0x0000000000000000       0x28 /home/sp/repos/bl_iot_sdk/customer_app/sdk_app_helloworld/build_out/hal_drv/libhal_drv.a(hal_boot2.o)
                                         0x29 (size before relaxing)
 .comment       0x0000000000000028       0x29 /home/sp/repos/bl_iot_sdk/customer_app/sdk_app_helloworld/build_out/sdk_app_helloworld/libsdk_app_helloworld.a(main.o)
 .comment       0x0000000000000028       0x29 /home/sp/repos/bl_iot_sdk/customer_app/sdk_app_helloworld/build_out/bl602/libbl602.a(debug.o)
 .comment       0x0000000000000028       0x29 /home/sp/repos/bl_iot_sdk/customer_app/sdk_app_helloworld/build_out/hal_drv/libhal_drv.a(bl_uart.o)
 .comment       0x0000000000000028       0x29 /home/sp/repos/bl_iot_sdk/customer_app/sdk_app_helloworld/build_out/hal_drv/libhal_drv.a(bl_sys.o)
 .comment       0x0000000000000028       0x29 /home/sp/repos/bl_iot_sdk/customer_app/sdk_app_helloworld/build_out/bl602_std/libbl602_std.a(bl602_uart.o)
 .comment       0x0000000000000028       0x29 /home/sp/repos/bl_iot_sdk/customer_app/sdk_app_helloworld/build_out/bl602_std/libbl602_std.a(bl602_glb.o)
 .comment       0x0000000000000028       0x29 /home/sp/repos/bl_iot_sdk/customer_app/sdk_app_helloworld/build_out/bl602_std/libbl602_std.a(bl602_hbn.o)
 .comment       0x0000000000000028       0x29 /home/sp/repos/bl_iot_sdk/customer_app/sdk_app_helloworld/build_out/bl602_std/libbl602_std.a(bl602_romapi.o)
 .comment       0x0000000000000028       0x29 /home/sp/repos/bl_iot_sdk/toolchain/riscv/Linux/bin/../lib/gcc/riscv64-unknown-elf/8.3.0/../../../../riscv64-unknown-elf/lib/rv32imf/ilp32f/libm.a(lib_a-s_modf.o)
 .comment       0x0000000000000028       0x29 /home/sp/repos/bl_iot_sdk/toolchain/riscv/Linux/bin/../lib/gcc/riscv64-unknown-elf/8.3.0/rv32imf/ilp32f/libgcc.a(_clzsi2.o)
 .comment       0x0000000000000028       0x29 /home/sp/repos/bl_iot_sdk/toolchain/riscv/Linux/bin/../lib/gcc/riscv64-unknown-elf/8.3.0/rv32imf/ilp32f/libgcc.a(_udivdi3.o)
 .comment       0x0000000000000028       0x29 /home/sp/repos/bl_iot_sdk/toolchain/riscv/Linux/bin/../lib/gcc/riscv64-unknown-elf/8.3.0/rv32imf/ilp32f/libgcc.a(_umoddi3.o)
 .comment       0x0000000000000028       0x29 /home/sp/repos/bl_iot_sdk/toolchain/riscv/Linux/bin/../lib/gcc/riscv64-unknown-elf/8.3.0/rv32imf/ilp32f/libgcc.a(adddf3.o)
 .comment       0x0000000000000028       0x29 /home/sp/repos/bl_iot_sdk/toolchain/riscv/Linux/bin/../lib/gcc/riscv64-unknown-elf/8.3.0/rv32imf/ilp32f/libgcc.a(divdf3.o)
 .comment       0x0000000000000028       0x29 /home/sp/repos/bl_iot_sdk/toolchain/riscv/Linux/bin/../lib/gcc/riscv64-unknown-elf/8.3.0/rv32imf/ilp32f/libgcc.a(eqdf2.o)
 .comment       0x0000000000000028       0x29 /home/sp/repos/bl_iot_sdk/toolchain/riscv/Linux/bin/../lib/gcc/riscv64-unknown-elf/8.3.0/rv32imf/ilp32f/libgcc.a(gedf2.o)
 .comment       0x0000000000000028       0x29 /home/sp/repos/bl_iot_sdk/toolchain/riscv/Linux/bin/../lib/gcc/riscv64-unknown-elf/8.3.0/rv32imf/ilp32f/libgcc.a(ledf2.o)
 .comment       0x0000000000000028       0x29 /home/sp/repos/bl_iot_sdk/toolchain/riscv/Linux/bin/../lib/gcc/riscv64-unknown-elf/8.3.0/rv32imf/ilp32f/libgcc.a(muldf3.o)
 .comment       0x0000000000000028       0x29 /home/sp/repos/bl_iot_sdk/toolchain/riscv/Linux/bin/../lib/gcc/riscv64-unknown-elf/8.3.0/rv32imf/ilp32f/libgcc.a(subdf3.o)
 .comment       0x0000000000000028       0x29 /home/sp/repos/bl_iot_sdk/toolchain/riscv/Linux/bin/../lib/gcc/riscv64-unknown-elf/8.3.0/rv32imf/ilp32f/libgcc.a(fixdfsi.o)
 .comment       0x0000000000000028       0x29 /home/sp/repos/bl_iot_sdk/toolchain/riscv/Linux/bin/../lib/gcc/riscv64-unknown-elf/8.3.0/rv32imf/ilp32f/libgcc.a(_clz.o)
 .comment       0x0000000000000028       0x29 /home/sp/repos/bl_iot_sdk/toolchain/riscv/Linux/bin/../lib/gcc/riscv64-unknown-elf/8.3.0/../../../../riscv64-unknown-elf/lib/rv32imf/ilp32f/libc.a(lib_a-memcpy.o)
 .comment       0x0000000000000028       0x29 /home/sp/repos/bl_iot_sdk/toolchain/riscv/Linux/bin/../lib/gcc/riscv64-unknown-elf/8.3.0/../../../../riscv64-unknown-elf/lib/rv32imf/ilp32f/libc.a(lib_a-strlen.o)
 .comment       0x0000000000000028       0x29 /home/sp/repos/bl_iot_sdk/toolchain/riscv/Linux/bin/../lib/gcc/riscv64-unknown-elf/8.3.0/../../../../riscv64-unknown-elf/lib/rv32imf/ilp32f/libc.a(lib_a-strnlen.o)

.debug_line     0x0000000000000000    0x15204
 .debug_line    0x0000000000000000      0x224 /home/sp/repos/bl_iot_sdk/customer_app/sdk_app_helloworld/build_out/bl602/libbl602.a(start.o)
 .debug_line    0x0000000000000224      0xd9a /home/sp/repos/bl_iot_sdk/customer_app/sdk_app_helloworld/build_out/hal_drv/libhal_drv.a(hal_boot2.o)
 .debug_line    0x0000000000000fbe      0x56b /home/sp/repos/bl_iot_sdk/customer_app/sdk_app_helloworld/build_out/sdk_app_helloworld/libsdk_app_helloworld.a(main.o)
 .debug_line    0x0000000000001529     0x29ea /home/sp/repos/bl_iot_sdk/customer_app/sdk_app_helloworld/build_out/bl602/libbl602.a(debug.o)
 .debug_line    0x0000000000003f13      0xef6 /home/sp/repos/bl_iot_sdk/customer_app/sdk_app_helloworld/build_out/hal_drv/libhal_drv.a(bl_uart.o)
 .debug_line    0x0000000000004e09      0x542 /home/sp/repos/bl_iot_sdk/customer_app/sdk_app_helloworld/build_out/hal_drv/libhal_drv.a(bl_sys.o)
 .debug_line    0x000000000000534b     0x1927 /home/sp/repos/bl_iot_sdk/customer_app/sdk_app_helloworld/build_out/bl602_std/libbl602_std.a(bl602_uart.o)
 .debug_line    0x0000000000006c72     0x3a7e /home/sp/repos/bl_iot_sdk/customer_app/sdk_app_helloworld/build_out/bl602_std/libbl602_std.a(bl602_glb.o)
 .debug_line    0x000000000000a6f0     0x224b /home/sp/repos/bl_iot_sdk/customer_app/sdk_app_helloworld/build_out/bl602_std/libbl602_std.a(bl602_hbn.o)
 .debug_line    0x000000000000c93b     0x198e /home/sp/repos/bl_iot_sdk/customer_app/sdk_app_helloworld/build_out/bl602_std/libbl602_std.a(bl602_romapi.o)
 .debug_line    0x000000000000e2c9      0x3ba /home/sp/repos/bl_iot_sdk/toolchain/riscv/Linux/bin/../lib/gcc/riscv64-unknown-elf/8.3.0/rv32imf/ilp32f/libgcc.a(_clzsi2.o)
 .debug_line    0x000000000000e683      0x9fc /home/sp/repos/bl_iot_sdk/toolchain/riscv/Linux/bin/../lib/gcc/riscv64-unknown-elf/8.3.0/rv32imf/ilp32f/libgcc.a(_udivdi3.o)
 .debug_line    0x000000000000f07f      0xaac /home/sp/repos/bl_iot_sdk/toolchain/riscv/Linux/bin/../lib/gcc/riscv64-unknown-elf/8.3.0/rv32imf/ilp32f/libgcc.a(_umoddi3.o)
 .debug_line    0x000000000000fb2b     0x141d /home/sp/repos/bl_iot_sdk/toolchain/riscv/Linux/bin/../lib/gcc/riscv64-unknown-elf/8.3.0/rv32imf/ilp32f/libgcc.a(adddf3.o)
 .debug_line    0x0000000000010f48     0x10b7 /home/sp/repos/bl_iot_sdk/toolchain/riscv/Linux/bin/../lib/gcc/riscv64-unknown-elf/8.3.0/rv32imf/ilp32f/libgcc.a(divdf3.o)
 .debug_line    0x0000000000011fff      0x2d6 /home/sp/repos/bl_iot_sdk/toolchain/riscv/Linux/bin/../lib/gcc/riscv64-unknown-elf/8.3.0/rv32imf/ilp32f/libgcc.a(eqdf2.o)
 .debug_line    0x00000000000122d5      0x30f /home/sp/repos/bl_iot_sdk/toolchain/riscv/Linux/bin/../lib/gcc/riscv64-unknown-elf/8.3.0/rv32imf/ilp32f/libgcc.a(gedf2.o)
 .debug_line    0x00000000000125e4      0x30f /home/sp/repos/bl_iot_sdk/toolchain/riscv/Linux/bin/../lib/gcc/riscv64-unknown-elf/8.3.0/rv32imf/ilp32f/libgcc.a(ledf2.o)
 .debug_line    0x00000000000128f3      0xe85 /home/sp/repos/bl_iot_sdk/toolchain/riscv/Linux/bin/../lib/gcc/riscv64-unknown-elf/8.3.0/rv32imf/ilp32f/libgcc.a(muldf3.o)
 .debug_line    0x0000000000013778     0x1477 /home/sp/repos/bl_iot_sdk/toolchain/riscv/Linux/bin/../lib/gcc/riscv64-unknown-elf/8.3.0/rv32imf/ilp32f/libgcc.a(subdf3.o)
 .debug_line    0x0000000000014bef      0x2dd /home/sp/repos/bl_iot_sdk/toolchain/riscv/Linux/bin/../lib/gcc/riscv64-unknown-elf/8.3.0/rv32imf/ilp32f/libgcc.a(fixdfsi.o)
 .debug_line    0x0000000000014ecc      0x338 /home/sp/repos/bl_iot_sdk/toolchain/riscv/Linux/bin/../lib/gcc/riscv64-unknown-elf/8.3.0/rv32imf/ilp32f/libgcc.a(_clz.o)

.debug_info     0x0000000000000000    0x16a4e
 .debug_info    0x0000000000000000       0x26 /home/sp/repos/bl_iot_sdk/customer_app/sdk_app_helloworld/build_out/bl602/libbl602.a(start.o)
 .debug_info    0x0000000000000026     0x14ed /home/sp/repos/bl_iot_sdk/customer_app/sdk_app_helloworld/build_out/hal_drv/libhal_drv.a(hal_boot2.o)
 .debug_info    0x0000000000001513      0xb75 /home/sp/repos/bl_iot_sdk/customer_app/sdk_app_helloworld/build_out/sdk_app_helloworld/libsdk_app_helloworld.a(main.o)
 .debug_info    0x0000000000002088     0x183d /home/sp/repos/bl_iot_sdk/customer_app/sdk_app_helloworld/build_out/bl602/libbl602.a(debug.o)
 .debug_info    0x00000000000038c5     0x198e /home/sp/repos/bl_iot_sdk/customer_app/sdk_app_helloworld/build_out/hal_drv/libhal_drv.a(bl_uart.o)
 .debug_info    0x0000000000005253      0xbce /home/sp/repos/bl_iot_sdk/customer_app/sdk_app_helloworld/build_out/hal_drv/libhal_drv.a(bl_sys.o)
 .debug_info    0x0000000000005e21     0x1929 /home/sp/repos/bl_iot_sdk/customer_app/sdk_app_helloworld/build_out/bl602_std/libbl602_std.a(bl602_uart.o)
 .debug_info    0x000000000000774a     0x29ed /home/sp/repos/bl_iot_sdk/customer_app/sdk_app_helloworld/build_out/bl602_std/libbl602_std.a(bl602_glb.o)
 .debug_info    0x000000000000a137     0x2302 /home/sp/repos/bl_iot_sdk/customer_app/sdk_app_helloworld/build_out/bl602_std/libbl602_std.a(bl602_hbn.o)
 .debug_info    0x000000000000c439     0x452e /home/sp/repos/bl_iot_sdk/customer_app/sdk_app_helloworld/build_out/bl602_std/libbl602_std.a(bl602_romapi.o)
 .debug_info    0x0000000000010967      0xbd7 /home/sp/repos/bl_iot_sdk/toolchain/riscv/Linux/bin/../lib/gcc/riscv64-unknown-elf/8.3.0/rv32imf/ilp32f/libgcc.a(_clzsi2.o)
 .debug_info    0x000000000001153e     0x1245 /home/sp/repos/bl_iot_sdk/toolchain/riscv/Linux/bin/../lib/gcc/riscv64-unknown-elf/8.3.0/rv32imf/ilp32f/libgcc.a(_udivdi3.o)
 .debug_info    0x0000000000012783     0x12a3 /home/sp/repos/bl_iot_sdk/toolchain/riscv/Linux/bin/../lib/gcc/riscv64-unknown-elf/8.3.0/rv32imf/ilp32f/libgcc.a(_umoddi3.o)
 .debug_info    0x0000000000013a26      0x5f2 /home/sp/repos/bl_iot_sdk/toolchain/riscv/Linux/bin/../lib/gcc/riscv64-unknown-elf/8.3.0/rv32imf/ilp32f/libgcc.a(adddf3.o)
 .debug_info    0x0000000000014018      0x773 /home/sp/repos/bl_iot_sdk/toolchain/riscv/Linux/bin/../lib/gcc/riscv64-unknown-elf/8.3.0/rv32imf/ilp32f/libgcc.a(divdf3.o)
 .debug_info    0x000000000001478b      0x29e /home/sp/repos/bl_iot_sdk/toolchain/riscv/Linux/bin/../lib/gcc/riscv64-unknown-elf/8.3.0/rv32imf/ilp32f/libgcc.a(eqdf2.o)
 .debug_info    0x0000000000014a29      0x285 /home/sp/repos/bl_iot_sdk/toolchain/riscv/Linux/bin/../lib/gcc/riscv64-unknown-elf/8.3.0/rv32imf/ilp32f/libgcc.a(gedf2.o)
 .debug_info    0x0000000000014cae      0x285 /home/sp/repos/bl_iot_sdk/toolchain/riscv/Linux/bin/../lib/gcc/riscv64-unknown-elf/8.3.0/rv32imf/ilp32f/libgcc.a(ledf2.o)
 .debug_info    0x0000000000014f33      0x7ab /home/sp/repos/bl_iot_sdk/toolchain/riscv/Linux/bin/../lib/gcc/riscv64-unknown-elf/8.3.0/rv32imf/ilp32f/libgcc.a(muldf3.o)
 .debug_info    0x00000000000156de      0x5ec /home/sp/repos/bl_iot_sdk/toolchain/riscv/Linux/bin/../lib/gcc/riscv64-unknown-elf/8.3.0/rv32imf/ilp32f/libgcc.a(subdf3.o)
 .debug_info    0x0000000000015cca      0x21a /home/sp/repos/bl_iot_sdk/toolchain/riscv/Linux/bin/../lib/gcc/riscv64-unknown-elf/8.3.0/rv32imf/ilp32f/libgcc.a(fixdfsi.o)
 .debug_info    0x0000000000015ee4      0xb6a /home/sp/repos/bl_iot_sdk/toolchain/riscv/Linux/bin/../lib/gcc/riscv64-unknown-elf/8.3.0/rv32imf/ilp32f/libgcc.a(_clz.o)

.debug_abbrev   0x0000000000000000     0x36b0
 .debug_abbrev  0x0000000000000000       0x14 /home/sp/repos/bl_iot_sdk/customer_app/sdk_app_helloworld/build_out/bl602/libbl602.a(start.o)
 .debug_abbrev  0x0000000000000014      0x3bb /home/sp/repos/bl_iot_sdk/customer_app/sdk_app_helloworld/build_out/hal_drv/libhal_drv.a(hal_boot2.o)
 .debug_abbrev  0x00000000000003cf      0x276 /home/sp/repos/bl_iot_sdk/customer_app/sdk_app_helloworld/build_out/sdk_app_helloworld/libsdk_app_helloworld.a(main.o)
 .debug_abbrev  0x0000000000000645      0x4e5 /home/sp/repos/bl_iot_sdk/customer_app/sdk_app_helloworld/build_out/bl602/libbl602.a(debug.o)
 .debug_abbrev  0x0000000000000b2a      0x431 /home/sp/repos/bl_iot_sdk/customer_app/sdk_app_helloworld/build_out/hal_drv/libhal_drv.a(bl_uart.o)
 .debug_abbrev  0x0000000000000f5b      0x31e /home/sp/repos/bl_iot_sdk/customer_app/sdk_app_helloworld/build_out/hal_drv/libhal_drv.a(bl_sys.o)
 .debug_abbrev  0x0000000000001279      0x2f4 /home/sp/repos/bl_iot_sdk/customer_app/sdk_app_helloworld/build_out/bl602_std/libbl602_std.a(bl602_uart.o)
 .debug_abbrev  0x000000000000156d      0x3d2 /home/sp/repos/bl_iot_sdk/customer_app/sdk_app_helloworld/build_out/bl602_std/libbl602_std.a(bl602_glb.o)
 .debug_abbrev  0x000000000000193f      0x37e /home/sp/repos/bl_iot_sdk/customer_app/sdk_app_helloworld/build_out/bl602_std/libbl602_std.a(bl602_hbn.o)
 .debug_abbrev  0x0000000000001cbd      0x396 /home/sp/repos/bl_iot_sdk/customer_app/sdk_app_helloworld/build_out/bl602_std/libbl602_std.a(bl602_romapi.o)
 .debug_abbrev  0x0000000000002053      0x242 /home/sp/repos/bl_iot_sdk/toolchain/riscv/Linux/bin/../lib/gcc/riscv64-unknown-elf/8.3.0/rv32imf/ilp32f/libgcc.a(_clzsi2.o)
 .debug_abbrev  0x0000000000002295      0x2cc /home/sp/repos/bl_iot_sdk/toolchain/riscv/Linux/bin/../lib/gcc/riscv64-unknown-elf/8.3.0/rv32imf/ilp32f/libgcc.a(_udivdi3.o)
 .debug_abbrev  0x0000000000002561      0x2e8 /home/sp/repos/bl_iot_sdk/toolchain/riscv/Linux/bin/../lib/gcc/riscv64-unknown-elf/8.3.0/rv32imf/ilp32f/libgcc.a(_umoddi3.o)
 .debug_abbrev  0x0000000000002849      0x19a /home/sp/repos/bl_iot_sdk/toolchain/riscv/Linux/bin/../lib/gcc/riscv64-unknown-elf/8.3.0/rv32imf/ilp32f/libgcc.a(adddf3.o)
 .debug_abbrev  0x00000000000029e3      0x17f /home/sp/repos/bl_iot_sdk/toolchain/riscv/Linux/bin/../lib/gcc/riscv64-unknown-elf/8.3.0/rv32imf/ilp32f/libgcc.a(divdf3.o)
 .debug_abbrev  0x0000000000002b62      0x1a4 /home/sp/repos/bl_iot_sdk/toolchain/riscv/Linux/bin/../lib/gcc/riscv64-unknown-elf/8.3.0/rv32imf/ilp32f/libgcc.a(eqdf2.o)
 .debug_abbrev  0x0000000000002d06      0x199 /home/sp/repos/bl_iot_sdk/toolchain/riscv/Linux/bin/../lib/gcc/riscv64-unknown-elf/8.3.0/rv32imf/ilp32f/libgcc.a(gedf2.o)
 .debug_abbrev  0x0000000000002e9f      0x199 /home/sp/repos/bl_iot_sdk/toolchain/riscv/Linux/bin/../lib/gcc/riscv64-unknown-elf/8.3.0/rv32imf/ilp32f/libgcc.a(ledf2.o)
 .debug_abbrev  0x0000000000003038      0x186 /home/sp/repos/bl_iot_sdk/toolchain/riscv/Linux/bin/../lib/gcc/riscv64-unknown-elf/8.3.0/rv32imf/ilp32f/libgcc.a(muldf3.o)
 .debug_abbrev  0x00000000000031be      0x189 /home/sp/repos/bl_iot_sdk/toolchain/riscv/Linux/bin/../lib/gcc/riscv64-unknown-elf/8.3.0/rv32imf/ilp32f/libgcc.a(subdf3.o)
 .debug_abbrev  0x0000000000003347      0x181 /home/sp/repos/bl_iot_sdk/toolchain/riscv/Linux/bin/../lib/gcc/riscv64-unknown-elf/8.3.0/rv32imf/ilp32f/libgcc.a(fixdfsi.o)
 .debug_abbrev  0x00000000000034c8      0x1e8 /home/sp/repos/bl_iot_sdk/toolchain/riscv/Linux/bin/../lib/gcc/riscv64-unknown-elf/8.3.0/rv32imf/ilp32f/libgcc.a(_clz.o)

.debug_aranges  0x0000000000000000      0xef0
 .debug_aranges
                0x0000000000000000       0x20 /home/sp/repos/bl_iot_sdk/customer_app/sdk_app_helloworld/build_out/bl602/libbl602.a(start.o)
 .debug_aranges
                0x0000000000000020       0x80 /home/sp/repos/bl_iot_sdk/customer_app/sdk_app_helloworld/build_out/hal_drv/libhal_drv.a(hal_boot2.o)
 .debug_aranges
                0x00000000000000a0       0x48 /home/sp/repos/bl_iot_sdk/customer_app/sdk_app_helloworld/build_out/sdk_app_helloworld/libsdk_app_helloworld.a(main.o)
 .debug_aranges
                0x00000000000000e8       0x88 /home/sp/repos/bl_iot_sdk/customer_app/sdk_app_helloworld/build_out/bl602/libbl602.a(debug.o)
 .debug_aranges
                0x0000000000000170       0xb8 /home/sp/repos/bl_iot_sdk/customer_app/sdk_app_helloworld/build_out/hal_drv/libhal_drv.a(bl_uart.o)
 .debug_aranges
                0x0000000000000228       0x60 /home/sp/repos/bl_iot_sdk/customer_app/sdk_app_helloworld/build_out/hal_drv/libhal_drv.a(bl_sys.o)
 .debug_aranges
                0x0000000000000288      0x108 /home/sp/repos/bl_iot_sdk/customer_app/sdk_app_helloworld/build_out/bl602_std/libbl602_std.a(bl602_uart.o)
 .debug_aranges
                0x0000000000000390      0x288 /home/sp/repos/bl_iot_sdk/customer_app/sdk_app_helloworld/build_out/bl602_std/libbl602_std.a(bl602_glb.o)
 .debug_aranges
                0x0000000000000618      0x1f8 /home/sp/repos/bl_iot_sdk/customer_app/sdk_app_helloworld/build_out/bl602_std/libbl602_std.a(bl602_hbn.o)
 .debug_aranges
                0x0000000000000810      0x568 /home/sp/repos/bl_iot_sdk/customer_app/sdk_app_helloworld/build_out/bl602_std/libbl602_std.a(bl602_romapi.o)
 .debug_aranges
                0x0000000000000d78       0x20 /home/sp/repos/bl_iot_sdk/toolchain/riscv/Linux/bin/../lib/gcc/riscv64-unknown-elf/8.3.0/rv32imf/ilp32f/libgcc.a(_clzsi2.o)
 .debug_aranges
                0x0000000000000d98       0x20 /home/sp/repos/bl_iot_sdk/toolchain/riscv/Linux/bin/../lib/gcc/riscv64-unknown-elf/8.3.0/rv32imf/ilp32f/libgcc.a(_udivdi3.o)
 .debug_aranges
                0x0000000000000db8       0x20 /home/sp/repos/bl_iot_sdk/toolchain/riscv/Linux/bin/../lib/gcc/riscv64-unknown-elf/8.3.0/rv32imf/ilp32f/libgcc.a(_umoddi3.o)
 .debug_aranges
                0x0000000000000dd8       0x20 /home/sp/repos/bl_iot_sdk/toolchain/riscv/Linux/bin/../lib/gcc/riscv64-unknown-elf/8.3.0/rv32imf/ilp32f/libgcc.a(adddf3.o)
 .debug_aranges
                0x0000000000000df8       0x20 /home/sp/repos/bl_iot_sdk/toolchain/riscv/Linux/bin/../lib/gcc/riscv64-unknown-elf/8.3.0/rv32imf/ilp32f/libgcc.a(divdf3.o)
 .debug_aranges
                0x0000000000000e18       0x20 /home/sp/repos/bl_iot_sdk/toolchain/riscv/Linux/bin/../lib/gcc/riscv64-unknown-elf/8.3.0/rv32imf/ilp32f/libgcc.a(eqdf2.o)
 .debug_aranges
                0x0000000000000e38       0x20 /home/sp/repos/bl_iot_sdk/toolchain/riscv/Linux/bin/../lib/gcc/riscv64-unknown-elf/8.3.0/rv32imf/ilp32f/libgcc.a(gedf2.o)
 .debug_aranges
                0x0000000000000e58       0x20 /home/sp/repos/bl_iot_sdk/toolchain/riscv/Linux/bin/../lib/gcc/riscv64-unknown-elf/8.3.0/rv32imf/ilp32f/libgcc.a(ledf2.o)
 .debug_aranges
                0x0000000000000e78       0x20 /home/sp/repos/bl_iot_sdk/toolchain/riscv/Linux/bin/../lib/gcc/riscv64-unknown-elf/8.3.0/rv32imf/ilp32f/libgcc.a(muldf3.o)
 .debug_aranges
                0x0000000000000e98       0x20 /home/sp/repos/bl_iot_sdk/toolchain/riscv/Linux/bin/../lib/gcc/riscv64-unknown-elf/8.3.0/rv32imf/ilp32f/libgcc.a(subdf3.o)
 .debug_aranges
                0x0000000000000eb8       0x20 /home/sp/repos/bl_iot_sdk/toolchain/riscv/Linux/bin/../lib/gcc/riscv64-unknown-elf/8.3.0/rv32imf/ilp32f/libgcc.a(fixdfsi.o)
 .debug_aranges
                0x0000000000000ed8       0x18 /home/sp/repos/bl_iot_sdk/toolchain/riscv/Linux/bin/../lib/gcc/riscv64-unknown-elf/8.3.0/rv32imf/ilp32f/libgcc.a(_clz.o)

.debug_str      0x0000000000000000     0x6f49
 .debug_str     0x0000000000000000       0xa0 /home/sp/repos/bl_iot_sdk/customer_app/sdk_app_helloworld/build_out/bl602/libbl602.a(start.o)
 .debug_str     0x00000000000000a0      0x971 /home/sp/repos/bl_iot_sdk/customer_app/sdk_app_helloworld/build_out/hal_drv/libhal_drv.a(hal_boot2.o)
                                        0xa61 (size before relaxing)
 .debug_str     0x0000000000000a11      0x1a7 /home/sp/repos/bl_iot_sdk/customer_app/sdk_app_helloworld/build_out/sdk_app_helloworld/libsdk_app_helloworld.a(main.o)
                                        0x74f (size before relaxing)
 .debug_str     0x0000000000000bb8      0x2f0 /home/sp/repos/bl_iot_sdk/customer_app/sdk_app_helloworld/build_out/bl602/libbl602.a(debug.o)
                                        0x8e8 (size before relaxing)
 .debug_str     0x0000000000000ea8      0xb4a /home/sp/repos/bl_iot_sdk/customer_app/sdk_app_helloworld/build_out/hal_drv/libhal_drv.a(bl_uart.o)
                                       0x1154 (size before relaxing)
 .debug_str     0x00000000000019f2      0x180 /home/sp/repos/bl_iot_sdk/customer_app/sdk_app_helloworld/build_out/hal_drv/libhal_drv.a(bl_sys.o)
                                        0x793 (size before relaxing)
 .debug_str     0x0000000000001b72      0x611 /home/sp/repos/bl_iot_sdk/customer_app/sdk_app_helloworld/build_out/bl602_std/libbl602_std.a(bl602_uart.o)
                                        0xf39 (size before relaxing)
 .debug_str     0x0000000000002183     0x1298 /home/sp/repos/bl_iot_sdk/customer_app/sdk_app_helloworld/build_out/bl602_std/libbl602_std.a(bl602_glb.o)
                                       0x1eb5 (size before relaxing)
 .debug_str     0x000000000000341b      0xedc /home/sp/repos/bl_iot_sdk/customer_app/sdk_app_helloworld/build_out/bl602_std/libbl602_std.a(bl602_hbn.o)
                                       0x193d (size before relaxing)
 .debug_str     0x00000000000042f7     0x21bd /home/sp/repos/bl_iot_sdk/customer_app/sdk_app_helloworld/build_out/bl602_std/libbl602_std.a(bl602_romapi.o)
                                       0x446b (size before relaxing)
 .debug_str     0x00000000000064b4      0x356 /home/sp/repos/bl_iot_sdk/toolchain/riscv/Linux/bin/../lib/gcc/riscv64-unknown-elf/8.3.0/rv32imf/ilp32f/libgcc.a(_clzsi2.o)
                                        0x805 (size before relaxing)
 .debug_str     0x000000000000680a      0x132 /home/sp/repos/bl_iot_sdk/toolchain/riscv/Linux/bin/../lib/gcc/riscv64-unknown-elf/8.3.0/rv32imf/ilp32f/libgcc.a(_udivdi3.o)
                                        0x8a1 (size before relaxing)
 .debug_str     0x000000000000693c        0xa /home/sp/repos/bl_iot_sdk/toolchain/riscv/Linux/bin/../lib/gcc/riscv64-unknown-elf/8.3.0/rv32imf/ilp32f/libgcc.a(_umoddi3.o)
                                        0x8a1 (size before relaxing)
 .debug_str     0x0000000000006946      0x194 /home/sp/repos/bl_iot_sdk/toolchain/riscv/Linux/bin/../lib/gcc/riscv64-unknown-elf/8.3.0/rv32imf/ilp32f/libgcc.a(adddf3.o)
                                        0x367 (size before relaxing)
 .debug_str     0x0000000000006ada      0x19c /home/sp/repos/bl_iot_sdk/toolchain/riscv/Linux/bin/../lib/gcc/riscv64-unknown-elf/8.3.0/rv32imf/ilp32f/libgcc.a(divdf3.o)
                                        0x429 (size before relaxing)
 .debug_str     0x0000000000006c76       0x57 /home/sp/repos/bl_iot_sdk/toolchain/riscv/Linux/bin/../lib/gcc/riscv64-unknown-elf/8.3.0/rv32imf/ilp32f/libgcc.a(eqdf2.o)
                                        0x281 (size before relaxing)
 .debug_str     0x0000000000006ccd       0x5c /home/sp/repos/bl_iot_sdk/toolchain/riscv/Linux/bin/../lib/gcc/riscv64-unknown-elf/8.3.0/rv32imf/ilp32f/libgcc.a(gedf2.o)
                                        0x2a5 (size before relaxing)
 .debug_str     0x0000000000006d29       0x38 /home/sp/repos/bl_iot_sdk/toolchain/riscv/Linux/bin/../lib/gcc/riscv64-unknown-elf/8.3.0/rv32imf/ilp32f/libgcc.a(ledf2.o)
                                        0x2a5 (size before relaxing)
 .debug_str     0x0000000000006d61      0x15f /home/sp/repos/bl_iot_sdk/toolchain/riscv/Linux/bin/../lib/gcc/riscv64-unknown-elf/8.3.0/rv32imf/ilp32f/libgcc.a(muldf3.o)
                                        0x481 (size before relaxing)
 .debug_str     0x0000000000006ec0       0x3a /home/sp/repos/bl_iot_sdk/toolchain/riscv/Linux/bin/../lib/gcc/riscv64-unknown-elf/8.3.0/rv32imf/ilp32f/libgcc.a(subdf3.o)
                                        0x367 (size before relaxing)
 .debug_str     0x0000000000006efa       0x4f /home/sp/repos/bl_iot_sdk/toolchain/riscv/Linux/bin/../lib/gcc/riscv64-unknown-elf/8.3.0/rv32imf/ilp32f/libgcc.a(fixdfsi.o)
                                        0x27e (size before relaxing)
 .debug_str     0x0000000000006f49      0x7e8 /home/sp/repos/bl_iot_sdk/toolchain/riscv/Linux/bin/../lib/gcc/riscv64-unknown-elf/8.3.0/rv32imf/ilp32f/libgcc.a(_clz.o)

.debug_loc      0x0000000000000000    0x10edb
 .debug_loc     0x0000000000000000      0x775 /home/sp/repos/bl_iot_sdk/customer_app/sdk_app_helloworld/build_out/hal_drv/libhal_drv.a(hal_boot2.o)
 .debug_loc     0x0000000000000775       0x21 /home/sp/repos/bl_iot_sdk/customer_app/sdk_app_helloworld/build_out/sdk_app_helloworld/libsdk_app_helloworld.a(main.o)
 .debug_loc     0x0000000000000796     0x233d /home/sp/repos/bl_iot_sdk/customer_app/sdk_app_helloworld/build_out/bl602/libbl602.a(debug.o)
 .debug_loc     0x0000000000002ad3      0x5e6 /home/sp/repos/bl_iot_sdk/customer_app/sdk_app_helloworld/build_out/hal_drv/libhal_drv.a(bl_uart.o)
 .debug_loc     0x00000000000030b9       0x4e /home/sp/repos/bl_iot_sdk/customer_app/sdk_app_helloworld/build_out/hal_drv/libhal_drv.a(bl_sys.o)
 .debug_loc     0x0000000000003107     0x10b9 /home/sp/repos/bl_iot_sdk/customer_app/sdk_app_helloworld/build_out/bl602_std/libbl602_std.a(bl602_uart.o)
 .debug_loc     0x00000000000041c0     0x1b1b /home/sp/repos/bl_iot_sdk/customer_app/sdk_app_helloworld/build_out/bl602_std/libbl602_std.a(bl602_glb.o)
 .debug_loc     0x0000000000005cdb     0x1008 /home/sp/repos/bl_iot_sdk/customer_app/sdk_app_helloworld/build_out/bl602_std/libbl602_std.a(bl602_hbn.o)
 .debug_loc     0x0000000000006ce3     0x1c9e /home/sp/repos/bl_iot_sdk/customer_app/sdk_app_helloworld/build_out/bl602_std/libbl602_std.a(bl602_romapi.o)
 .debug_loc     0x0000000000008981       0x6b /home/sp/repos/bl_iot_sdk/toolchain/riscv/Linux/bin/../lib/gcc/riscv64-unknown-elf/8.3.0/rv32imf/ilp32f/libgcc.a(_clzsi2.o)
 .debug_loc     0x00000000000089ec      0xbd0 /home/sp/repos/bl_iot_sdk/toolchain/riscv/Linux/bin/../lib/gcc/riscv64-unknown-elf/8.3.0/rv32imf/ilp32f/libgcc.a(_udivdi3.o)
 .debug_loc     0x00000000000095bc      0x969 /home/sp/repos/bl_iot_sdk/toolchain/riscv/Linux/bin/../lib/gcc/riscv64-unknown-elf/8.3.0/rv32imf/ilp32f/libgcc.a(_umoddi3.o)
 .debug_loc     0x0000000000009f25     0x1dad /home/sp/repos/bl_iot_sdk/toolchain/riscv/Linux/bin/../lib/gcc/riscv64-unknown-elf/8.3.0/rv32imf/ilp32f/libgcc.a(adddf3.o)
 .debug_loc     0x000000000000bcd2     0x16c9 /home/sp/repos/bl_iot_sdk/toolchain/riscv/Linux/bin/../lib/gcc/riscv64-unknown-elf/8.3.0/rv32imf/ilp32f/libgcc.a(divdf3.o)
 .debug_loc     0x000000000000d39b      0x192 /home/sp/repos/bl_iot_sdk/toolchain/riscv/Linux/bin/../lib/gcc/riscv64-unknown-elf/8.3.0/rv32imf/ilp32f/libgcc.a(eqdf2.o)
 .debug_loc     0x000000000000d52d      0x156 /home/sp/repos/bl_iot_sdk/toolchain/riscv/Linux/bin/../lib/gcc/riscv64-unknown-elf/8.3.0/rv32imf/ilp32f/libgcc.a(gedf2.o)
 .debug_loc     0x000000000000d683      0x156 /home/sp/repos/bl_iot_sdk/toolchain/riscv/Linux/bin/../lib/gcc/riscv64-unknown-elf/8.3.0/rv32imf/ilp32f/libgcc.a(ledf2.o)
 .debug_loc     0x000000000000d7d9     0x112d /home/sp/repos/bl_iot_sdk/toolchain/riscv/Linux/bin/../lib/gcc/riscv64-unknown-elf/8.3.0/rv32imf/ilp32f/libgcc.a(muldf3.o)
 .debug_loc     0x000000000000e906     0x2366 /home/sp/repos/bl_iot_sdk/toolchain/riscv/Linux/bin/../lib/gcc/riscv64-unknown-elf/8.3.0/rv32imf/ilp32f/libgcc.a(subdf3.o)
 .debug_loc     0x0000000000010c6c      0x26f /home/sp/repos/bl_iot_sdk/toolchain/riscv/Linux/bin/../lib/gcc/riscv64-unknown-elf/8.3.0/rv32imf/ilp32f/libgcc.a(fixdfsi.o)

.debug_ranges   0x0000000000000000     0x1bc0
 .debug_ranges  0x0000000000000000       0xa0 /home/sp/repos/bl_iot_sdk/customer_app/sdk_app_helloworld/build_out/hal_drv/libhal_drv.a(hal_boot2.o)
 .debug_ranges  0x00000000000000a0       0x38 /home/sp/repos/bl_iot_sdk/customer_app/sdk_app_helloworld/build_out/sdk_app_helloworld/libsdk_app_helloworld.a(main.o)
 .debug_ranges  0x00000000000000d8      0x138 /home/sp/repos/bl_iot_sdk/customer_app/sdk_app_helloworld/build_out/bl602/libbl602.a(debug.o)
 .debug_ranges  0x0000000000000210       0xc0 /home/sp/repos/bl_iot_sdk/customer_app/sdk_app_helloworld/build_out/hal_drv/libhal_drv.a(bl_uart.o)
 .debug_ranges  0x00000000000002d0       0x80 /home/sp/repos/bl_iot_sdk/customer_app/sdk_app_helloworld/build_out/hal_drv/libhal_drv.a(bl_sys.o)
 .debug_ranges  0x0000000000000350       0xf8 /home/sp/repos/bl_iot_sdk/customer_app/sdk_app_helloworld/build_out/bl602_std/libbl602_std.a(bl602_uart.o)
 .debug_ranges  0x0000000000000448      0x2a8 /home/sp/repos/bl_iot_sdk/customer_app/sdk_app_helloworld/build_out/bl602_std/libbl602_std.a(bl602_glb.o)
 .debug_ranges  0x00000000000006f0      0x1e8 /home/sp/repos/bl_iot_sdk/customer_app/sdk_app_helloworld/build_out/bl602_std/libbl602_std.a(bl602_hbn.o)
 .debug_ranges  0x00000000000008d8      0x558 /home/sp/repos/bl_iot_sdk/customer_app/sdk_app_helloworld/build_out/bl602_std/libbl602_std.a(bl602_romapi.o)
 .debug_ranges  0x0000000000000e30       0x20 /home/sp/repos/bl_iot_sdk/toolchain/riscv/Linux/bin/../lib/gcc/riscv64-unknown-elf/8.3.0/rv32imf/ilp32f/libgcc.a(_clzsi2.o)
 .debug_ranges  0x0000000000000e50      0x100 /home/sp/repos/bl_iot_sdk/toolchain/riscv/Linux/bin/../lib/gcc/riscv64-unknown-elf/8.3.0/rv32imf/ilp32f/libgcc.a(_udivdi3.o)
 .debug_ranges  0x0000000000000f50       0xd0 /home/sp/repos/bl_iot_sdk/toolchain/riscv/Linux/bin/../lib/gcc/riscv64-unknown-elf/8.3.0/rv32imf/ilp32f/libgcc.a(_umoddi3.o)
 .debug_ranges  0x0000000000001020      0x2f0 /home/sp/repos/bl_iot_sdk/toolchain/riscv/Linux/bin/../lib/gcc/riscv64-unknown-elf/8.3.0/rv32imf/ilp32f/libgcc.a(adddf3.o)
 .debug_ranges  0x0000000000001310      0x1d0 /home/sp/repos/bl_iot_sdk/toolchain/riscv/Linux/bin/../lib/gcc/riscv64-unknown-elf/8.3.0/rv32imf/ilp32f/libgcc.a(divdf3.o)
 .debug_ranges  0x00000000000014e0       0x60 /home/sp/repos/bl_iot_sdk/toolchain/riscv/Linux/bin/../lib/gcc/riscv64-unknown-elf/8.3.0/rv32imf/ilp32f/libgcc.a(eqdf2.o)
 .debug_ranges  0x0000000000001540       0x68 /home/sp/repos/bl_iot_sdk/toolchain/riscv/Linux/bin/../lib/gcc/riscv64-unknown-elf/8.3.0/rv32imf/ilp32f/libgcc.a(gedf2.o)
 .debug_ranges  0x00000000000015a8       0x68 /home/sp/repos/bl_iot_sdk/toolchain/riscv/Linux/bin/../lib/gcc/riscv64-unknown-elf/8.3.0/rv32imf/ilp32f/libgcc.a(ledf2.o)
 .debug_ranges  0x0000000000001610      0x230 /home/sp/repos/bl_iot_sdk/toolchain/riscv/Linux/bin/../lib/gcc/riscv64-unknown-elf/8.3.0/rv32imf/ilp32f/libgcc.a(muldf3.o)
 .debug_ranges  0x0000000000001840      0x330 /home/sp/repos/bl_iot_sdk/toolchain/riscv/Linux/bin/../lib/gcc/riscv64-unknown-elf/8.3.0/rv32imf/ilp32f/libgcc.a(subdf3.o)
 .debug_ranges  0x0000000000001b70       0x50 /home/sp/repos/bl_iot_sdk/toolchain/riscv/Linux/bin/../lib/gcc/riscv64-unknown-elf/8.3.0/rv32imf/ilp32f/libgcc.a(fixdfsi.o)

.debug_frame    0x0000000000000000     0x20e0
 .debug_frame   0x0000000000000000      0x1e0 /home/sp/repos/bl_iot_sdk/customer_app/sdk_app_helloworld/build_out/hal_drv/libhal_drv.a(hal_boot2.o)
 .debug_frame   0x00000000000001e0       0x94 /home/sp/repos/bl_iot_sdk/customer_app/sdk_app_helloworld/build_out/sdk_app_helloworld/libsdk_app_helloworld.a(main.o)
 .debug_frame   0x0000000000000274      0x254 /home/sp/repos/bl_iot_sdk/customer_app/sdk_app_helloworld/build_out/bl602/libbl602.a(debug.o)
 .debug_frame   0x00000000000004c8      0x248 /home/sp/repos/bl_iot_sdk/customer_app/sdk_app_helloworld/build_out/hal_drv/libhal_drv.a(bl_uart.o)
 .debug_frame   0x0000000000000710       0xd4 /home/sp/repos/bl_iot_sdk/customer_app/sdk_app_helloworld/build_out/hal_drv/libhal_drv.a(bl_sys.o)
 .debug_frame   0x00000000000007e4      0x274 /home/sp/repos/bl_iot_sdk/customer_app/sdk_app_helloworld/build_out/bl602_std/libbl602_std.a(bl602_uart.o)
 .debug_frame   0x0000000000000a58      0x574 /home/sp/repos/bl_iot_sdk/customer_app/sdk_app_helloworld/build_out/bl602_std/libbl602_std.a(bl602_glb.o)
 .debug_frame   0x0000000000000fcc      0x48c /home/sp/repos/bl_iot_sdk/customer_app/sdk_app_helloworld/build_out/bl602_std/libbl602_std.a(bl602_hbn.o)
 .debug_frame   0x0000000000001458      0xab0 /home/sp/repos/bl_iot_sdk/customer_app/sdk_app_helloworld/build_out/bl602_std/libbl602_std.a(bl602_romapi.o)
 .debug_frame   0x0000000000001f08       0x20 /home/sp/repos/bl_iot_sdk/toolchain/riscv/Linux/bin/../lib/gcc/riscv64-unknown-elf/8.3.0/rv32imf/ilp32f/libgcc.a(_clzsi2.o)
 .debug_frame   0x0000000000001f28       0x44 /home/sp/repos/bl_iot_sdk/toolchain/riscv/Linux/bin/../lib/gcc/riscv64-unknown-elf/8.3.0/rv32imf/ilp32f/libgcc.a(adddf3.o)
 .debug_frame   0x0000000000001f6c       0x58 /home/sp/repos/bl_iot_sdk/toolchain/riscv/Linux/bin/../lib/gcc/riscv64-unknown-elf/8.3.0/rv32imf/ilp32f/libgcc.a(divdf3.o)
 .debug_frame   0x0000000000001fc4       0x20 /home/sp/repos/bl_iot_sdk/toolchain/riscv/Linux/bin/../lib/gcc/riscv64-unknown-elf/8.3.0/rv32imf/ilp32f/libgcc.a(eqdf2.o)
 .debug_frame   0x0000000000001fe4       0x20 /home/sp/repos/bl_iot_sdk/toolchain/riscv/Linux/bin/../lib/gcc/riscv64-unknown-elf/8.3.0/rv32imf/ilp32f/libgcc.a(gedf2.o)
 .debug_frame   0x0000000000002004       0x20 /home/sp/repos/bl_iot_sdk/toolchain/riscv/Linux/bin/../lib/gcc/riscv64-unknown-elf/8.3.0/rv32imf/ilp32f/libgcc.a(ledf2.o)
 .debug_frame   0x0000000000002024       0x58 /home/sp/repos/bl_iot_sdk/toolchain/riscv/Linux/bin/../lib/gcc/riscv64-unknown-elf/8.3.0/rv32imf/ilp32f/libgcc.a(muldf3.o)
 .debug_frame   0x000000000000207c       0x44 /home/sp/repos/bl_iot_sdk/toolchain/riscv/Linux/bin/../lib/gcc/riscv64-unknown-elf/8.3.0/rv32imf/ilp32f/libgcc.a(subdf3.o)
 .debug_frame   0x00000000000020c0       0x20 /home/sp/repos/bl_iot_sdk/toolchain/riscv/Linux/bin/../lib/gcc/riscv64-unknown-elf/8.3.0/rv32imf/ilp32f/libgcc.a(fixdfsi.o)

Cross Reference Table

Symbol                                            File
AON_Get_Xtal_CapCode                              /home/sp/repos/bl_iot_sdk/customer_app/sdk_app_helloworld/build_out/bl602_std/libbl602_std.a(bl602_romapi.o)
                                                  /home/sp/repos/bl_iot_sdk/customer_app/sdk_app_helloworld/build_out/bl602_std/libbl602_std.a(bl602_aon.o)
AON_LowPower_Enter_PDS0                           /home/sp/repos/bl_iot_sdk/customer_app/sdk_app_helloworld/build_out/bl602_std/libbl602_std.a(bl602_romapi.o)
                                                  /home/sp/repos/bl_iot_sdk/customer_app/sdk_app_helloworld/build_out/bl602_std/libbl602_std.a(bl602_aon.o)
AON_LowPower_Exit_PDS0                            /home/sp/repos/bl_iot_sdk/customer_app/sdk_app_helloworld/build_out/bl602_std/libbl602_std.a(bl602_romapi.o)
                                                  /home/sp/repos/bl_iot_sdk/customer_app/sdk_app_helloworld/build_out/bl602_std/libbl602_std.a(bl602_aon.o)
AON_Power_Off_BG                                  /home/sp/repos/bl_iot_sdk/customer_app/sdk_app_helloworld/build_out/bl602_std/libbl602_std.a(bl602_romapi.o)
                                                  /home/sp/repos/bl_iot_sdk/customer_app/sdk_app_helloworld/build_out/bl602_std/libbl602_std.a(bl602_aon.o)
AON_Power_Off_LDO11_SOC                           /home/sp/repos/bl_iot_sdk/customer_app/sdk_app_helloworld/build_out/bl602_std/libbl602_std.a(bl602_romapi.o)
                                                  /home/sp/repos/bl_iot_sdk/customer_app/sdk_app_helloworld/build_out/bl602_std/libbl602_std.a(bl602_aon.o)
AON_Power_Off_LDO15_RF                            /home/sp/repos/bl_iot_sdk/customer_app/sdk_app_helloworld/build_out/bl602_std/libbl602_std.a(bl602_romapi.o)
                                                  /home/sp/repos/bl_iot_sdk/customer_app/sdk_app_helloworld/build_out/bl602_std/libbl602_std.a(bl602_aon.o)
AON_Power_Off_MBG                                 /home/sp/repos/bl_iot_sdk/customer_app/sdk_app_helloworld/build_out/bl602_std/libbl602_std.a(bl602_romapi.o)
                                                  /home/sp/repos/bl_iot_sdk/customer_app/sdk_app_helloworld/build_out/bl602_std/libbl602_std.a(bl602_aon.o)
AON_Power_Off_SFReg                               /home/sp/repos/bl_iot_sdk/customer_app/sdk_app_helloworld/build_out/bl602_std/libbl602_std.a(bl602_romapi.o)
                                                  /home/sp/repos/bl_iot_sdk/customer_app/sdk_app_helloworld/build_out/bl602_std/libbl602_std.a(bl602_aon.o)
AON_Power_Off_XTAL                                /home/sp/repos/bl_iot_sdk/customer_app/sdk_app_helloworld/build_out/bl602_std/libbl602_std.a(bl602_romapi.o)
                                                  /home/sp/repos/bl_iot_sdk/customer_app/sdk_app_helloworld/build_out/bl602_std/libbl602_std.a(bl602_aon.o)
AON_Power_On_BG                                   /home/sp/repos/bl_iot_sdk/customer_app/sdk_app_helloworld/build_out/bl602_std/libbl602_std.a(bl602_romapi.o)
                                                  /home/sp/repos/bl_iot_sdk/customer_app/sdk_app_helloworld/build_out/bl602_std/libbl602_std.a(bl602_aon.o)
AON_Power_On_LDO11_SOC                            /home/sp/repos/bl_iot_sdk/customer_app/sdk_app_helloworld/build_out/bl602_std/libbl602_std.a(bl602_romapi.o)
                                                  /home/sp/repos/bl_iot_sdk/customer_app/sdk_app_helloworld/build_out/bl602_std/libbl602_std.a(bl602_aon.o)
AON_Power_On_LDO15_RF                             /home/sp/repos/bl_iot_sdk/customer_app/sdk_app_helloworld/build_out/bl602_std/libbl602_std.a(bl602_romapi.o)
                                                  /home/sp/repos/bl_iot_sdk/customer_app/sdk_app_helloworld/build_out/bl602_std/libbl602_std.a(bl602_aon.o)
AON_Power_On_MBG                                  /home/sp/repos/bl_iot_sdk/customer_app/sdk_app_helloworld/build_out/bl602_std/libbl602_std.a(bl602_romapi.o)
                                                  /home/sp/repos/bl_iot_sdk/customer_app/sdk_app_helloworld/build_out/bl602_std/libbl602_std.a(bl602_aon.o)
AON_Power_On_SFReg                                /home/sp/repos/bl_iot_sdk/customer_app/sdk_app_helloworld/build_out/bl602_std/libbl602_std.a(bl602_romapi.o)
                                                  /home/sp/repos/bl_iot_sdk/customer_app/sdk_app_helloworld/build_out/bl602_std/libbl602_std.a(bl602_aon.o)
AON_Power_On_XTAL                                 /home/sp/repos/bl_iot_sdk/customer_app/sdk_app_helloworld/build_out/bl602_std/libbl602_std.a(bl602_romapi.o)
                                                  /home/sp/repos/bl_iot_sdk/customer_app/sdk_app_helloworld/build_out/bl602_std/libbl602_std.a(bl602_aon.o)
                                                  /home/sp/repos/bl_iot_sdk/customer_app/sdk_app_helloworld/build_out/bl602_std/libbl602_std.a(bl602_glb.o)
AON_Set_LDO11_SOC_Sstart_Delay                    /home/sp/repos/bl_iot_sdk/customer_app/sdk_app_helloworld/build_out/bl602_std/libbl602_std.a(bl602_aon.o)
AON_Set_Xtal_CapCode                              /home/sp/repos/bl_iot_sdk/customer_app/sdk_app_helloworld/build_out/bl602_std/libbl602_std.a(bl602_romapi.o)
                                                  /home/sp/repos/bl_iot_sdk/customer_app/sdk_app_helloworld/build_out/bl602_std/libbl602_std.a(bl602_aon.o)
ASM_Delay_Us                                      /home/sp/repos/bl_iot_sdk/customer_app/sdk_app_helloworld/build_out/bl602_std/libbl602_std.a(bl602_romapi.o)
BFLB_Soft_CRC16                                   /home/sp/repos/bl_iot_sdk/customer_app/sdk_app_helloworld/build_out/bl602_std/libbl602_std.a(softcrc.o)
BFLB_Soft_CRC32                                   /home/sp/repos/bl_iot_sdk/customer_app/sdk_app_helloworld/build_out/bl602_std/libbl602_std.a(bl602_romapi.o)
                                                  /home/sp/repos/bl_iot_sdk/customer_app/sdk_app_helloworld/build_out/bl602_std/libbl602_std.a(softcrc.o)
                                                  /home/sp/repos/bl_iot_sdk/customer_app/sdk_app_helloworld/build_out/hal_drv/libhal_drv.a(bl_boot2.o)
BFLB_Soft_CRC32_Table                             /home/sp/repos/bl_iot_sdk/customer_app/sdk_app_helloworld/build_out/bl602_std/libbl602_std.a(softcrc.o)
BL602_Delay_MS                                    /home/sp/repos/bl_iot_sdk/customer_app/sdk_app_helloworld/build_out/bl602_std/libbl602_std.a(bl602_romapi.o)
                                                  /home/sp/repos/bl_iot_sdk/customer_app/sdk_app_helloworld/build_out/bl602_std/libbl602_std.a(bl602_hbn.o)
BL602_Delay_US                                    /home/sp/repos/bl_iot_sdk/customer_app/sdk_app_helloworld/build_out/bl602_std/libbl602_std.a(bl602_romapi.o)
                                                  /home/sp/repos/bl_iot_sdk/customer_app/sdk_app_helloworld/build_out/bl602_std/libbl602_std.a(bl602_ef_ctrl.o)
                                                  /home/sp/repos/bl_iot_sdk/customer_app/sdk_app_helloworld/build_out/bl602_std/libbl602_std.a(bl602_pds.o)
                                                  /home/sp/repos/bl_iot_sdk/customer_app/sdk_app_helloworld/build_out/bl602_std/libbl602_std.a(bl602_aon.o)
                                                  /home/sp/repos/bl_iot_sdk/customer_app/sdk_app_helloworld/build_out/bl602_std/libbl602_std.a(bl602_hbn.o)
                                                  /home/sp/repos/bl_iot_sdk/customer_app/sdk_app_helloworld/build_out/bl602_std/libbl602_std.a(bl602_glb.o)
BL602_MemCmp                                      /home/sp/repos/bl_iot_sdk/customer_app/sdk_app_helloworld/build_out/bl602_std/libbl602_std.a(bl602_romapi.o)
BL602_MemCpy                                      /home/sp/repos/bl_iot_sdk/customer_app/sdk_app_helloworld/build_out/bl602_std/libbl602_std.a(bl602_romapi.o)
BL602_MemCpy4                                     /home/sp/repos/bl_iot_sdk/customer_app/sdk_app_helloworld/build_out/bl602_std/libbl602_std.a(bl602_romapi.o)
                                                  /home/sp/repos/bl_iot_sdk/customer_app/sdk_app_helloworld/build_out/bl602_std/libbl602_std.a(bl602_ef_ctrl.o)
BL602_MemCpy_Fast                                 /home/sp/repos/bl_iot_sdk/customer_app/sdk_app_helloworld/build_out/bl602_std/libbl602_std.a(bl602_romapi.o)
BL602_MemSet                                      /home/sp/repos/bl_iot_sdk/customer_app/sdk_app_helloworld/build_out/bl602_std/libbl602_std.a(bl602_romapi.o)
BL602_MemSet4                                     /home/sp/repos/bl_iot_sdk/customer_app/sdk_app_helloworld/build_out/bl602_std/libbl602_std.a(bl602_romapi.o)
BMX_ERR_INT_Callback_Install                      /home/sp/repos/bl_iot_sdk/customer_app/sdk_app_helloworld/build_out/bl602_std/libbl602_std.a(bl602_glb.o)
BMX_TIMEOUT_INT_Callback_Install                  /home/sp/repos/bl_iot_sdk/customer_app/sdk_app_helloworld/build_out/bl602_std/libbl602_std.a(bl602_glb.o)
EF_Ctrl_AutoLoad_Done                             /home/sp/repos/bl_iot_sdk/customer_app/sdk_app_helloworld/build_out/bl602_std/libbl602_std.a(bl602_romapi.o)
                                                  /home/sp/repos/bl_iot_sdk/customer_app/sdk_app_helloworld/build_out/bl602_std/libbl602_std.a(bl602_ef_ctrl.o)
EF_Ctrl_Busy                                      /home/sp/repos/bl_iot_sdk/customer_app/sdk_app_helloworld/build_out/bl602_std/libbl602_std.a(bl602_romapi.o)
                                                  /home/sp/repos/bl_iot_sdk/customer_app/sdk_app_helloworld/build_out/bl602_std/libbl602_std.a(bl602_ef_ctrl.o)
EF_Ctrl_Clear                                     /home/sp/repos/bl_iot_sdk/customer_app/sdk_app_helloworld/build_out/bl602_std/libbl602_std.a(bl602_romapi.o)
                                                  /home/sp/repos/bl_iot_sdk/customer_app/sdk_app_helloworld/build_out/bl602_std/libbl602_std.a(bl602_ef_ctrl.o)
EF_Ctrl_Crc_Enable                                /home/sp/repos/bl_iot_sdk/customer_app/sdk_app_helloworld/build_out/bl602_std/libbl602_std.a(bl602_ef_ctrl.o)
EF_Ctrl_Crc_Is_Busy                               /home/sp/repos/bl_iot_sdk/customer_app/sdk_app_helloworld/build_out/bl602_std/libbl602_std.a(bl602_ef_ctrl.o)
EF_Ctrl_Crc_Result                                /home/sp/repos/bl_iot_sdk/customer_app/sdk_app_helloworld/build_out/bl602_std/libbl602_std.a(bl602_ef_ctrl.o)
EF_Ctrl_Crc_Set_Golden                            /home/sp/repos/bl_iot_sdk/customer_app/sdk_app_helloworld/build_out/bl602_std/libbl602_std.a(bl602_ef_ctrl.o)
EF_Ctrl_Get_Trim_Enable                           /home/sp/repos/bl_iot_sdk/customer_app/sdk_app_helloworld/build_out/bl602_std/libbl602_std.a(bl602_ef_ctrl.o)
EF_Ctrl_Get_Trim_Parity                           /home/sp/repos/bl_iot_sdk/customer_app/sdk_app_helloworld/build_out/bl602_std/libbl602_std.a(bl602_romapi.o)
                                                  /home/sp/repos/bl_iot_sdk/customer_app/sdk_app_helloworld/build_out/bl602_std/libbl602_std.a(bl602_ef_ctrl.o)
                                                  /home/sp/repos/bl_iot_sdk/customer_app/sdk_app_helloworld/build_out/bl602_std/libbl602_std.a(bl602_pds.o)
                                                  /home/sp/repos/bl_iot_sdk/customer_app/sdk_app_helloworld/build_out/bl602_std/libbl602_std.a(bl602_hbn.o)
EF_Ctrl_Is_All_Bits_Zero                          /home/sp/repos/bl_iot_sdk/customer_app/sdk_app_helloworld/build_out/bl602_std/libbl602_std.a(bl602_ef_ctrl.o)
EF_Ctrl_Is_CapCode_Slot_Empty                     /home/sp/repos/bl_iot_sdk/customer_app/sdk_app_helloworld/build_out/bl602_std/libbl602_std.a(bl602_ef_ctrl.o)
EF_Ctrl_Is_MAC_Address_Slot_Empty                 /home/sp/repos/bl_iot_sdk/customer_app/sdk_app_helloworld/build_out/bl602_std/libbl602_std.a(bl602_ef_ctrl.o)
EF_Ctrl_Is_PowerOffset_Slot_Empty                 /home/sp/repos/bl_iot_sdk/customer_app/sdk_app_helloworld/build_out/bl602_std/libbl602_std.a(bl602_ef_ctrl.o)
EF_Ctrl_Load_Efuse_R0                             /home/sp/repos/bl_iot_sdk/customer_app/sdk_app_helloworld/build_out/bl602_std/libbl602_std.a(bl602_romapi.o)
                                                  /home/sp/repos/bl_iot_sdk/customer_app/sdk_app_helloworld/build_out/bl602_std/libbl602_std.a(bl602_ef_ctrl.o)
EF_Ctrl_Program_Direct_R0                         /home/sp/repos/bl_iot_sdk/customer_app/sdk_app_helloworld/build_out/bl602_std/libbl602_std.a(bl602_ef_ctrl.o)
EF_Ctrl_Program_Efuse_0                           /home/sp/repos/bl_iot_sdk/customer_app/sdk_app_helloworld/build_out/bl602_std/libbl602_std.a(bl602_romapi.o)
                                                  /home/sp/repos/bl_iot_sdk/customer_app/sdk_app_helloworld/build_out/bl602_std/libbl602_std.a(bl602_ef_ctrl.o)
EF_Ctrl_Read_ADC_Gain_Trim                        /home/sp/repos/bl_iot_sdk/customer_app/sdk_app_helloworld/build_out/bl602_std/libbl602_std.a(bl602_ef_ctrl.o)
EF_Ctrl_Read_AES_Key                              /home/sp/repos/bl_iot_sdk/customer_app/sdk_app_helloworld/build_out/bl602_std/libbl602_std.a(bl602_ef_ctrl.o)
EF_Ctrl_Read_Ana_Trim                             /home/sp/repos/bl_iot_sdk/customer_app/sdk_app_helloworld/build_out/bl602_std/libbl602_std.a(bl602_ef_ctrl.o)
EF_Ctrl_Read_CapCode_Opt                          /home/sp/repos/bl_iot_sdk/customer_app/sdk_app_helloworld/build_out/bl602_std/libbl602_std.a(bl602_ef_ctrl.o)
EF_Ctrl_Read_Chip_ID                              /home/sp/repos/bl_iot_sdk/customer_app/sdk_app_helloworld/build_out/bl602_std/libbl602_std.a(bl602_ef_ctrl.o)
EF_Ctrl_Read_Dbg_Pwd                              /home/sp/repos/bl_iot_sdk/customer_app/sdk_app_helloworld/build_out/bl602_std/libbl602_std.a(bl602_ef_ctrl.o)
EF_Ctrl_Read_Device_Info                          /home/sp/repos/bl_iot_sdk/customer_app/sdk_app_helloworld/build_out/bl602_std/libbl602_std.a(bl602_ef_ctrl.o)
EF_Ctrl_Read_Direct_R0                            /home/sp/repos/bl_iot_sdk/customer_app/sdk_app_helloworld/build_out/bl602_std/libbl602_std.a(bl602_ef_ctrl.o)
EF_Ctrl_Read_MAC_Address                          /home/sp/repos/bl_iot_sdk/customer_app/sdk_app_helloworld/build_out/bl602_std/libbl602_std.a(bl602_ef_ctrl.o)
EF_Ctrl_Read_MAC_Address_Opt                      /home/sp/repos/bl_iot_sdk/customer_app/sdk_app_helloworld/build_out/bl602_std/libbl602_std.a(bl602_ef_ctrl.o)
EF_Ctrl_Read_MAC_Address_Raw                      /home/sp/repos/bl_iot_sdk/customer_app/sdk_app_helloworld/build_out/bl602_std/libbl602_std.a(bl602_ef_ctrl.o)
EF_Ctrl_Read_PowerOffset_Opt                      /home/sp/repos/bl_iot_sdk/customer_app/sdk_app_helloworld/build_out/bl602_std/libbl602_std.a(bl602_ef_ctrl.o)
EF_Ctrl_Read_R0                                   /home/sp/repos/bl_iot_sdk/customer_app/sdk_app_helloworld/build_out/bl602_std/libbl602_std.a(bl602_ef_ctrl.o)
EF_Ctrl_Read_RC32K_Trim                           /home/sp/repos/bl_iot_sdk/customer_app/sdk_app_helloworld/build_out/bl602_std/libbl602_std.a(bl602_romapi.o)
                                                  /home/sp/repos/bl_iot_sdk/customer_app/sdk_app_helloworld/build_out/bl602_std/libbl602_std.a(bl602_ef_ctrl.o)
                                                  /home/sp/repos/bl_iot_sdk/customer_app/sdk_app_helloworld/build_out/bl602_std/libbl602_std.a(bl602_hbn.o)
EF_Ctrl_Read_RC32M_Trim                           /home/sp/repos/bl_iot_sdk/customer_app/sdk_app_helloworld/build_out/bl602_std/libbl602_std.a(bl602_romapi.o)
                                                  /home/sp/repos/bl_iot_sdk/customer_app/sdk_app_helloworld/build_out/bl602_std/libbl602_std.a(bl602_ef_ctrl.o)
                                                  /home/sp/repos/bl_iot_sdk/customer_app/sdk_app_helloworld/build_out/bl602_std/libbl602_std.a(bl602_pds.o)
EF_Ctrl_Read_Secure_Boot                          /home/sp/repos/bl_iot_sdk/customer_app/sdk_app_helloworld/build_out/bl602_std/libbl602_std.a(bl602_ef_ctrl.o)
EF_Ctrl_Read_Secure_Cfg                           /home/sp/repos/bl_iot_sdk/customer_app/sdk_app_helloworld/build_out/bl602_std/libbl602_std.a(bl602_ef_ctrl.o)
EF_Ctrl_Read_Sw_Usage                             /home/sp/repos/bl_iot_sdk/customer_app/sdk_app_helloworld/build_out/bl602_std/libbl602_std.a(bl602_ef_ctrl.o)
EF_Ctrl_Read_TSEN_Trim                            /home/sp/repos/bl_iot_sdk/customer_app/sdk_app_helloworld/build_out/bl602_std/libbl602_std.a(bl602_ef_ctrl.o)
EF_Ctrl_Readlock_AES_Key                          /home/sp/repos/bl_iot_sdk/customer_app/sdk_app_helloworld/build_out/bl602_std/libbl602_std.a(bl602_ef_ctrl.o)
EF_Ctrl_Readlock_Dbg_Pwd                          /home/sp/repos/bl_iot_sdk/customer_app/sdk_app_helloworld/build_out/bl602_std/libbl602_std.a(bl602_ef_ctrl.o)
EF_Ctrl_Sw_AHB_Clk_0                              /home/sp/repos/bl_iot_sdk/customer_app/sdk_app_helloworld/build_out/bl602_std/libbl602_std.a(bl602_romapi.o)
                                                  /home/sp/repos/bl_iot_sdk/customer_app/sdk_app_helloworld/build_out/bl602_std/libbl602_std.a(bl602_ef_ctrl.o)
EF_Ctrl_Write_AES_Key                             /home/sp/repos/bl_iot_sdk/customer_app/sdk_app_helloworld/build_out/bl602_std/libbl602_std.a(bl602_ef_ctrl.o)
EF_Ctrl_Write_Ana_Trim                            /home/sp/repos/bl_iot_sdk/customer_app/sdk_app_helloworld/build_out/bl602_std/libbl602_std.a(bl602_ef_ctrl.o)
EF_Ctrl_Write_CapCode_Opt                         /home/sp/repos/bl_iot_sdk/customer_app/sdk_app_helloworld/build_out/bl602_std/libbl602_std.a(bl602_ef_ctrl.o)
EF_Ctrl_Write_Dbg_Pwd                             /home/sp/repos/bl_iot_sdk/customer_app/sdk_app_helloworld/build_out/bl602_std/libbl602_std.a(bl602_ef_ctrl.o)
EF_Ctrl_Write_MAC_Address                         /home/sp/repos/bl_iot_sdk/customer_app/sdk_app_helloworld/build_out/bl602_std/libbl602_std.a(bl602_ef_ctrl.o)
EF_Ctrl_Write_MAC_Address_Opt                     /home/sp/repos/bl_iot_sdk/customer_app/sdk_app_helloworld/build_out/bl602_std/libbl602_std.a(bl602_ef_ctrl.o)
EF_Ctrl_Write_PowerOffset_Opt                     /home/sp/repos/bl_iot_sdk/customer_app/sdk_app_helloworld/build_out/bl602_std/libbl602_std.a(bl602_ef_ctrl.o)
EF_Ctrl_Write_R0                                  /home/sp/repos/bl_iot_sdk/customer_app/sdk_app_helloworld/build_out/bl602_std/libbl602_std.a(bl602_ef_ctrl.o)
EF_Ctrl_Write_Secure_Boot                         /home/sp/repos/bl_iot_sdk/customer_app/sdk_app_helloworld/build_out/bl602_std/libbl602_std.a(bl602_ef_ctrl.o)
EF_Ctrl_Write_Secure_Cfg                          /home/sp/repos/bl_iot_sdk/customer_app/sdk_app_helloworld/build_out/bl602_std/libbl602_std.a(bl602_ef_ctrl.o)
EF_Ctrl_Write_Sw_Usage                            /home/sp/repos/bl_iot_sdk/customer_app/sdk_app_helloworld/build_out/bl602_std/libbl602_std.a(bl602_ef_ctrl.o)
EF_Ctrl_Writelock_AES_Key                         /home/sp/repos/bl_iot_sdk/customer_app/sdk_app_helloworld/build_out/bl602_std/libbl602_std.a(bl602_ef_ctrl.o)
EF_Ctrl_Writelock_Dbg_Pwd                         /home/sp/repos/bl_iot_sdk/customer_app/sdk_app_helloworld/build_out/bl602_std/libbl602_std.a(bl602_ef_ctrl.o)
EF_Ctrl_Writelock_MAC_Address                     /home/sp/repos/bl_iot_sdk/customer_app/sdk_app_helloworld/build_out/bl602_std/libbl602_std.a(bl602_ef_ctrl.o)
EF_Ctrl_Writelock_Sw_Usage                        /home/sp/repos/bl_iot_sdk/customer_app/sdk_app_helloworld/build_out/bl602_std/libbl602_std.a(bl602_ef_ctrl.o)
GLB_AHB_Slave1_Clock_Gate                         /home/sp/repos/bl_iot_sdk/customer_app/sdk_app_helloworld/build_out/bl602_std/libbl602_std.a(bl602_glb.o)
GLB_AHB_Slave1_Reset                              /home/sp/repos/bl_iot_sdk/customer_app/sdk_app_helloworld/build_out/bl602_std/libbl602_std.a(bl602_glb.o)
                                                  /home/sp/repos/bl_iot_sdk/customer_app/sdk_app_helloworld/build_out/bl602_std/libbl602_std.a(bl602_uart.o)
GLB_BMX_Addr_Monitor_Disable                      /home/sp/repos/bl_iot_sdk/customer_app/sdk_app_helloworld/build_out/bl602_std/libbl602_std.a(bl602_glb.o)
GLB_BMX_Addr_Monitor_Enable                       /home/sp/repos/bl_iot_sdk/customer_app/sdk_app_helloworld/build_out/bl602_std/libbl602_std.a(bl602_glb.o)
GLB_BMX_BusErrResponse_Disable                    /home/sp/repos/bl_iot_sdk/customer_app/sdk_app_helloworld/build_out/bl602_std/libbl602_std.a(bl602_glb.o)
GLB_BMX_BusErrResponse_Enable                     /home/sp/repos/bl_iot_sdk/customer_app/sdk_app_helloworld/build_out/bl602_std/libbl602_std.a(bl602_glb.o)
GLB_BMX_Get_Err_Addr                              /home/sp/repos/bl_iot_sdk/customer_app/sdk_app_helloworld/build_out/bl602_std/libbl602_std.a(bl602_glb.o)
GLB_BMX_Get_Status                                /home/sp/repos/bl_iot_sdk/customer_app/sdk_app_helloworld/build_out/bl602_std/libbl602_std.a(bl602_glb.o)
GLB_BMX_Init                                      /home/sp/repos/bl_iot_sdk/customer_app/sdk_app_helloworld/build_out/bl602_std/libbl602_std.a(bl602_glb.o)
GLB_Clr_GPIO_IntStatus                            /home/sp/repos/bl_iot_sdk/customer_app/sdk_app_helloworld/build_out/bl602_std/libbl602_std.a(bl602_glb.o)
GLB_Deswap_Flash_Pin                              /home/sp/repos/bl_iot_sdk/customer_app/sdk_app_helloworld/build_out/bl602_std/libbl602_std.a(bl602_romapi.o)
                                                  /home/sp/repos/bl_iot_sdk/customer_app/sdk_app_helloworld/build_out/bl602_std/libbl602_std.a(bl602_glb.o)